Archive member included to satisfy reference by file (symbol)

d:/stm32cubeide_1.3.0/stm32cubeide/plugins/com.st.stm32cube.ide.mcu.externaltools.gnu-tools-for-stm32.10.3-2021.10.win32_1.0.100.202210260954/tools/bin/../lib/gcc/arm-none-eabi/10.3.1/../../../../arm-none-eabi/lib/thumb/v7e-m+fp/hard\libc_nano.a(lib_a-errno.o)
                              ./Core/Src/syscalls.o (__errno)
d:/stm32cubeide_1.3.0/stm32cubeide/plugins/com.st.stm32cube.ide.mcu.externaltools.gnu-tools-for-stm32.10.3-2021.10.win32_1.0.100.202210260954/tools/bin/../lib/gcc/arm-none-eabi/10.3.1/../../../../arm-none-eabi/lib/thumb/v7e-m+fp/hard\libc_nano.a(lib_a-exit.o)
                              d:/stm32cubeide_1.3.0/stm32cubeide/plugins/com.st.stm32cube.ide.mcu.externaltools.gnu-tools-for-stm32.10.3-2021.10.win32_1.0.100.202210260954/tools/bin/../lib/gcc/arm-none-eabi/10.3.1/../../../../arm-none-eabi/lib/thumb/v7e-m+fp/hard/crt0.o (exit)
d:/stm32cubeide_1.3.0/stm32cubeide/plugins/com.st.stm32cube.ide.mcu.externaltools.gnu-tools-for-stm32.10.3-2021.10.win32_1.0.100.202210260954/tools/bin/../lib/gcc/arm-none-eabi/10.3.1/../../../../arm-none-eabi/lib/thumb/v7e-m+fp/hard\libc_nano.a(lib_a-impure.o)
                              d:/stm32cubeide_1.3.0/stm32cubeide/plugins/com.st.stm32cube.ide.mcu.externaltools.gnu-tools-for-stm32.10.3-2021.10.win32_1.0.100.202210260954/tools/bin/../lib/gcc/arm-none-eabi/10.3.1/../../../../arm-none-eabi/lib/thumb/v7e-m+fp/hard\libc_nano.a(lib_a-exit.o) (_global_impure_ptr)
d:/stm32cubeide_1.3.0/stm32cubeide/plugins/com.st.stm32cube.ide.mcu.externaltools.gnu-tools-for-stm32.10.3-2021.10.win32_1.0.100.202210260954/tools/bin/../lib/gcc/arm-none-eabi/10.3.1/../../../../arm-none-eabi/lib/thumb/v7e-m+fp/hard\libc_nano.a(lib_a-init.o)
                              d:/stm32cubeide_1.3.0/stm32cubeide/plugins/com.st.stm32cube.ide.mcu.externaltools.gnu-tools-for-stm32.10.3-2021.10.win32_1.0.100.202210260954/tools/bin/../lib/gcc/arm-none-eabi/10.3.1/../../../../arm-none-eabi/lib/thumb/v7e-m+fp/hard/crt0.o (__libc_init_array)
d:/stm32cubeide_1.3.0/stm32cubeide/plugins/com.st.stm32cube.ide.mcu.externaltools.gnu-tools-for-stm32.10.3-2021.10.win32_1.0.100.202210260954/tools/bin/../lib/gcc/arm-none-eabi/10.3.1/../../../../arm-none-eabi/lib/thumb/v7e-m+fp/hard\libc_nano.a(lib_a-memcpy-stub.o)
                              ./Core/Src/WS2812B.o (memcpy)
d:/stm32cubeide_1.3.0/stm32cubeide/plugins/com.st.stm32cube.ide.mcu.externaltools.gnu-tools-for-stm32.10.3-2021.10.win32_1.0.100.202210260954/tools/bin/../lib/gcc/arm-none-eabi/10.3.1/../../../../arm-none-eabi/lib/thumb/v7e-m+fp/hard\libc_nano.a(lib_a-memset.o)
                              d:/stm32cubeide_1.3.0/stm32cubeide/plugins/com.st.stm32cube.ide.mcu.externaltools.gnu-tools-for-stm32.10.3-2021.10.win32_1.0.100.202210260954/tools/bin/../lib/gcc/arm-none-eabi/10.3.1/../../../../arm-none-eabi/lib/thumb/v7e-m+fp/hard/crt0.o (memset)
d:/stm32cubeide_1.3.0/stm32cubeide/plugins/com.st.stm32cube.ide.mcu.externaltools.gnu-tools-for-stm32.10.3-2021.10.win32_1.0.100.202210260954/tools/bin/../lib/gcc/arm-none-eabi/10.3.1/../../../../arm-none-eabi/lib/thumb/v7e-m+fp/hard\libc_nano.a(lib_a-rand.o)
                              ./Core/Src/WS2812B.o (rand)
d:/stm32cubeide_1.3.0/stm32cubeide/plugins/com.st.stm32cube.ide.mcu.externaltools.gnu-tools-for-stm32.10.3-2021.10.win32_1.0.100.202210260954/tools/bin/../lib/gcc/arm-none-eabi/10.3.1/../../../../arm-none-eabi/lib/thumb/v7e-m+fp/hard\libc_nano.a(lib_a-assert.o)
                              d:/stm32cubeide_1.3.0/stm32cubeide/plugins/com.st.stm32cube.ide.mcu.externaltools.gnu-tools-for-stm32.10.3-2021.10.win32_1.0.100.202210260954/tools/bin/../lib/gcc/arm-none-eabi/10.3.1/../../../../arm-none-eabi/lib/thumb/v7e-m+fp/hard\libc_nano.a(lib_a-rand.o) (__assert_func)
d:/stm32cubeide_1.3.0/stm32cubeide/plugins/com.st.stm32cube.ide.mcu.externaltools.gnu-tools-for-stm32.10.3-2021.10.win32_1.0.100.202210260954/tools/bin/../lib/gcc/arm-none-eabi/10.3.1/../../../../arm-none-eabi/lib/thumb/v7e-m+fp/hard\libc_nano.a(lib_a-fprintf.o)
                              d:/stm32cubeide_1.3.0/stm32cubeide/plugins/com.st.stm32cube.ide.mcu.externaltools.gnu-tools-for-stm32.10.3-2021.10.win32_1.0.100.202210260954/tools/bin/../lib/gcc/arm-none-eabi/10.3.1/../../../../arm-none-eabi/lib/thumb/v7e-m+fp/hard\libc_nano.a(lib_a-assert.o) (fiprintf)
d:/stm32cubeide_1.3.0/stm32cubeide/plugins/com.st.stm32cube.ide.mcu.externaltools.gnu-tools-for-stm32.10.3-2021.10.win32_1.0.100.202210260954/tools/bin/../lib/gcc/arm-none-eabi/10.3.1/../../../../arm-none-eabi/lib/thumb/v7e-m+fp/hard\libc_nano.a(lib_a-malloc.o)
                              d:/stm32cubeide_1.3.0/stm32cubeide/plugins/com.st.stm32cube.ide.mcu.externaltools.gnu-tools-for-stm32.10.3-2021.10.win32_1.0.100.202210260954/tools/bin/../lib/gcc/arm-none-eabi/10.3.1/../../../../arm-none-eabi/lib/thumb/v7e-m+fp/hard\libc_nano.a(lib_a-rand.o) (malloc)
[...]
Memory Configuration

Name             Origin             Length             Attributes
FLASH            0x0000000008000000 0x0000000000080000 xr
RAM1             0x0000000020000008 0x000000000002fff8 xrw
RAM_SHARED       0x0000000020030000 0x0000000000002800 xrw
*default*        0x0000000000000000 0xffffffffffffffff

Linker script and memory map

LOAD d:/stm32cubeide_1.3.0/stm32cubeide/plugins/com.st.stm32cube.ide.mcu.externaltools.gnu-tools-for-stm32.10.3-2021.10.win32_1.0.100.202210260954/tools/bin/../lib/gcc/arm-none-eabi/10.3.1/thumb/v7e-m+fp/hard/crti.o
LOAD d:/stm32cubeide_1.3.0/stm32cubeide/plugins/com.st.stm32cube.ide.mcu.externaltools.gnu-tools-for-stm32.10.3-2021.10.win32_1.0.100.202210260954/tools/bin/../lib/gcc/arm-none-eabi/10.3.1/thumb/v7e-m+fp/hard/crtbegin.o
LOAD d:/stm32cubeide_1.3.0/stm32cubeide/plugins/com.st.stm32cube.ide.mcu.externaltools.gnu-tools-for-stm32.10.3-2021.10.win32_1.0.100.202210260954/tools/bin/../lib/gcc/arm-none-eabi/10.3.1/../../../../arm-none-eabi/lib/thumb/v7e-m+fp/hard/crt0.o
LOAD ./Core/Src/WS2812B.o
LOAD ./Core/Src/dma.o
LOAD ./Core/Src/gpio.o
LOAD ./Core/Src/main.o
LOAD ./Core/Src/stm32wbxx_hal_msp.o
LOAD ./Core/Src/stm32wbxx_it.o
LOAD ./Core/Src/syscalls.o
LOAD ./Core/Src/sysmem.o
LOAD ./Core/Src/system_stm32wbxx.o
LOAD ./Core/Src/tim.o
LOAD ./Core/Startup/startup_stm32wb55rgvx.o
LOAD ./Drivers/STM32WBxx_HAL_Driver/Src/stm32wbxx_hal.o
LOAD ./Drivers/STM32WBxx_HAL_Driver/Src/stm32wbxx_hal_cortex.o
LOAD ./Drivers/STM32WBxx_HAL_Driver/Src/stm32wbxx_hal_dma.o
LOAD ./Drivers/STM32WBxx_HAL_Driver/Src/stm32wbxx_hal_dma_ex.o
LOAD ./Drivers/STM32WBxx_HAL_Driver/Src/stm32wbxx_hal_exti.o
LOAD ./Drivers/STM32WBxx_HAL_Driver/Src/stm32wbxx_hal_flash.o
LOAD ./Drivers/STM32WBxx_HAL_Driver/Src/stm32wbxx_hal_flash_ex.o
LOAD ./Drivers/STM32WBxx_HAL_Driver/Src/stm32wbxx_hal_gpio.o
LOAD ./Drivers/STM32WBxx_HAL_Driver/Src/stm32wbxx_hal_hsem.o
LOAD ./Drivers/STM32WBxx_HAL_Driver/Src/stm32wbxx_hal_pwr.o
LOAD ./Drivers/STM32WBxx_HAL_Driver/Src/stm32wbxx_hal_pwr_ex.o
LOAD ./Drivers/STM32WBxx_HAL_Driver/Src/stm32wbxx_hal_rcc.o
LOAD ./Drivers/STM32WBxx_HAL_Driver/Src/stm32wbxx_hal_rcc_ex.o
LOAD ./Drivers/STM32WBxx_HAL_Driver/Src/stm32wbxx_hal_tim.o
LOAD ./Drivers/STM32WBxx_HAL_Driver/Src/stm32wbxx_hal_tim_ex.o
LOAD ./Drivers/STM32WBxx_HAL_Driver/Src/stm32wbxx_ll_rcc.o
START GROUP
LOAD d:/stm32cubeide_1.3.0/stm32cubeide/plugins/com.st.stm32cube.ide.mcu.externaltools.gnu-tools-for-stm32.10.3-2021.10.win32_1.0.100.202210260954/tools/bin/../lib/gcc/arm-none-eabi/10.3.1/../../../../arm-none-eabi/lib/thumb/v7e-m+fp/hard\libc_nano.a
LOAD d:/stm32cubeide_1.3.0/stm32cubeide/plugins/com.st.stm32cube.ide.mcu.externaltools.gnu-tools-for-stm32.10.3-2021.10.win32_1.0.100.202210260954/tools/bin/../lib/gcc/arm-none-eabi/10.3.1/../../../../arm-none-eabi/lib/thumb/v7e-m+fp/hard\libm.a
END GROUP
START GROUP
LOAD d:/stm32cubeide_1.3.0/stm32cubeide/plugins/com.st.stm32cube.ide.mcu.externaltools.gnu-tools-for-stm32.10.3-2021.10.win32_1.0.100.202210260954/tools/bin/../lib/gcc/arm-none-eabi/10.3.1/thumb/v7e-m+fp/hard\libgcc.a
LOAD d:/stm32cubeide_1.3.0/stm32cubeide/plugins/com.st.stm32cube.ide.mcu.externaltools.gnu-tools-for-stm32.10.3-2021.10.win32_1.0.100.202210260954/tools/bin/../lib/gcc/arm-none-eabi/10.3.1/../../../../arm-none-eabi/lib/thumb/v7e-m+fp/hard\libc_nano.a
END GROUP
START GROUP
LOAD d:/stm32cubeide_1.3.0/stm32cubeide/plugins/com.st.stm32cube.ide.mcu.externaltools.gnu-tools-for-stm32.10.3-2021.10.win32_1.0.100.202210260954/tools/bin/../lib/gcc/arm-none-eabi/10.3.1/thumb/v7e-m+fp/hard\libgcc.a
LOAD d:/stm32cubeide_1.3.0/stm32cubeide/plugins/com.st.stm32cube.ide.mcu.externaltools.gnu-tools-for-stm32.10.3-2021.10.win32_1.0.100.202210260954/tools/bin/../lib/gcc/arm-none-eabi/10.3.1/../../../../arm-none-eabi/lib/thumb/v7e-m+fp/hard\libc_nano.a
LOAD d:/stm32cubeide_1.3.0/stm32cubeide/plugins/com.st.stm32cube.ide.mcu.externaltools.gnu-tools-for-stm32.10.3-2021.10.win32_1.0.100.202210260954/tools/bin/../lib/gcc/arm-none-eabi/10.3.1/../../../../arm-none-eabi/lib/thumb/v7e-m+fp/hard\libnosys.a
END GROUP
START GROUP
LOAD d:/stm32cubeide_1.3.0/stm32cubeide/plugins/com.st.stm32cube.ide.mcu.externaltools.gnu-tools-for-stm32.10.3-2021.10.win32_1.0.100.202210260954/tools/bin/../lib/gcc/arm-none-eabi/10.3.1/thumb/v7e-m+fp/hard\libgcc.a
LOAD d:/stm32cubeide_1.3.0/stm32cubeide/plugins/com.st.stm32cube.ide.mcu.externaltools.gnu-tools-for-stm32.10.3-2021.10.win32_1.0.100.202210260954/tools/bin/../lib/gcc/arm-none-eabi/10.3.1/../../../../arm-none-eabi/lib/thumb/v7e-m+fp/hard\libc_nano.a
LOAD d:/stm32cubeide_1.3.0/stm32cubeide/plugins/com.st.stm32cube.ide.mcu.externaltools.gnu-tools-for-stm32.10.3-2021.10.win32_1.0.100.202210260954/tools/bin/../lib/gcc/arm-none-eabi/10.3.1/../../../../arm-none-eabi/lib/thumb/v7e-m+fp/hard\libnosys.a
END GROUP
LOAD d:/stm32cubeide_1.3.0/stm32cubeide/plugins/com.st.stm32cube.ide.mcu.externaltools.gnu-tools-for-stm32.10.3-2021.10.win32_1.0.100.202210260954/tools/bin/../lib/gcc/arm-none-eabi/10.3.1/thumb/v7e-m+fp/hard/crtend.o
LOAD d:/stm32cubeide_1.3.0/stm32cubeide/plugins/com.st.stm32cube.ide.mcu.externaltools.gnu-tools-for-stm32.10.3-2021.10.win32_1.0.100.202210260954/tools/bin/../lib/gcc/arm-none-eabi/10.3.1/thumb/v7e-m+fp/hard/crtn.o
                0x0000000020030000                _estack = (ORIGIN (RAM1) + LENGTH (RAM1))
                0x0000000000000200                _Min_Heap_Size = 0x200
                0x0000000000000400                _Min_Stack_Size = 0x400

.isr_vector     0x0000000008000000      0x13c
                0x0000000008000000                . = ALIGN (0x4)
 *(.isr_vector)
 .isr_vector    0x0000000008000000      0x13c ./Core/Startup/startup_stm32wb55rgvx.o
                0x0000000008000000                g_pfnVectors
                0x000000000800013c                . = ALIGN (0x4)

.text           0x000000000800013c     0x480c
                0x000000000800013c                . = ALIGN (0x4)
 *(.text)
 .text          0x000000000800013c       0x40 d:/stm32cubeide_1.3.0/stm32cubeide/plugins/com.st.stm32cube.ide.mcu.externaltools.gnu-tools-for-stm32.10.3-2021.10.win32_1.0.100.202210260954/tools/bin/../lib/gcc/arm-none-eabi/10.3.1/thumb/v7e-m+fp/hard/crtbegin.o
 *(.text*)
 .text.WS2812B_clear
                0x000000000800017c       0x38 ./Core/Src/WS2812B.o
                0x000000000800017c                WS2812B_clear
 .text.WS2812B_pixel_rgb_to_BUFF_DMA
                0x00000000080001b4      0x120 ./Core/Src/WS2812B.o
                0x00000000080001b4                WS2812B_pixel_rgb_to_BUFF_DMA
 .text.WS2812B_prepareValue
                0x00000000080002d4       0x94 ./Core/Src/WS2812B.o
                0x00000000080002d4                WS2812B_prepareValue
 .text.WS2812B_setValue
                0x0000000008000368       0xb4 ./Core/Src/WS2812B.o
                0x0000000008000368                WS2812B_setValue
 .text.WS2812B_light
                0x000000000800041c       0x20 ./Core/Src/WS2812B.o
                0x000000000800041c                WS2812B_light
 .text.ledsEffect_1
                0x000000000800043c       0xd0 ./Core/Src/WS2812B.o
                0x000000000800043c                ledsEffect_1
 .text.LL_AHB1_GRP1_EnableClock
                0x000000000800050c       0x32 ./Core/Src/dma.o
 .text.MX_DMA_Init
                0x000000000800053e       0x24 ./Core/Src/dma.o
                0x000000000800053e                MX_DMA_Init
 .text.LL_AHB2_GRP1_EnableClock
                0x0000000008000562       0x32 ./Core/Src/gpio.o
 .text.MX_GPIO_Init
                0x0000000008000594       0x90 ./Core/Src/gpio.o
                0x0000000008000594                MX_GPIO_Init
 .text.main     0x0000000008000624       0x26 ./Core/Src/main.o
                0x0000000008000624                main
 *fill*         0x000000000800064a        0x2 
 .text.SystemClock_Config
                0x000000000800064c       0xd4 ./Core/Src/main.o
                0x000000000800064c                SystemClock_Config
 .text.PeriphCommonClock_Config
                0x0000000008000720       0x3a ./Core/Src/main.o
                0x0000000008000720                PeriphCommonClock_Config
 .text.Error_Handler
                0x000000000800075a        0xa ./Core/Src/main.o
                0x000000000800075a                Error_Handler
 .text.HAL_MspInit
                0x0000000008000764        0xe ./Core/Src/stm32wbxx_hal_msp.o
                0x0000000008000764                HAL_MspInit
 .text.NMI_Handler
                0x0000000008000772        0x6 ./Core/Src/stm32wbxx_it.o
                0x0000000008000772                NMI_Handler
 .text.HardFault_Handler
                0x0000000008000778        0x6 ./Core/Src/stm32wbxx_it.o
                0x0000000008000778                HardFault_Handler
 .text.MemManage_Handler
                0x000000000800077e        0x6 ./Core/Src/stm32wbxx_it.o
                0x000000000800077e                MemManage_Handler
 .text.BusFault_Handler
                0x0000000008000784        0x6 ./Core/Src/stm32wbxx_it.o
                0x0000000008000784                BusFault_Handler
 .text.UsageFault_Handler
                0x000000000800078a        0x6 ./Core/Src/stm32wbxx_it.o
                0x000000000800078a                UsageFault_Handler
 .text.SVC_Handler
                0x0000000008000790        0xe ./Core/Src/stm32wbxx_it.o
                0x0000000008000790                SVC_Handler
 .text.DebugMon_Handler
                0x000000000800079e        0xe ./Core/Src/stm32wbxx_it.o
                0x000000000800079e                DebugMon_Handler
 .text.PendSV_Handler
                0x00000000080007ac        0xe ./Core/Src/stm32wbxx_it.o
                0x00000000080007ac                PendSV_Handler
 .text.SysTick_Handler
                0x00000000080007ba        0xc ./Core/Src/stm32wbxx_it.o
                0x00000000080007ba                SysTick_Handler
 *fill*         0x00000000080007c6        0x2 
 .text.DMA1_Channel2_IRQHandler
                0x00000000080007c8       0x14 ./Core/Src/stm32wbxx_it.o
                0x00000000080007c8                DMA1_Channel2_IRQHandler
 .text.HAL_TIM_PWM_PulseFinishedCallback
                0x00000000080007dc       0x1c ./Core/Src/stm32wbxx_it.o
                0x00000000080007dc                HAL_TIM_PWM_PulseFinishedCallback
 .text.SystemInit
                0x00000000080007f8       0xa4 ./Core/Src/system_stm32wbxx.o
                0x00000000080007f8                SystemInit
 .text.LL_AHB2_GRP1_EnableClock
                0x000000000800089c       0x32 ./Core/Src/tim.o
 .text.LL_APB2_GRP1_EnableClock
                0x00000000080008ce       0x32 ./Core/Src/tim.o
 .text.MX_TIM1_Init
                0x0000000008000900      0x160 ./Core/Src/tim.o
                0x0000000008000900                MX_TIM1_Init
 .text.HAL_TIM_Base_MspInit
                0x0000000008000a60       0x84 ./Core/Src/tim.o
                0x0000000008000a60                HAL_TIM_Base_MspInit
 .text.HAL_TIM_MspPostInit
                0x0000000008000ae4       0x58 ./Core/Src/tim.o
                0x0000000008000ae4                HAL_TIM_MspPostInit
 .text.data_initializers
                0x0000000008000b3c       0x18 ./Core/Startup/startup_stm32wb55rgvx.o
 .text.Reset_Handler
                0x0000000008000b54       0x58 ./Core/Startup/startup_stm32wb55rgvx.o
                0x0000000008000b54                Reset_Handler
 .text.Default_Handler
                0x0000000008000bac        0x2 ./Core/Startup/startup_stm32wb55rgvx.o
                0x0000000008000bac                RTC_Alarm_IRQHandler
                0x0000000008000bac                EXTI2_IRQHandler
                0x0000000008000bac                TIM1_CC_IRQHandler
                0x0000000008000bac                TSC_IRQHandler
                0x0000000008000bac                USB_HP_IRQHandler
                0x0000000008000bac                EXTI3_IRQHandler
                0x0000000008000bac                LPTIM2_IRQHandler
                0x0000000008000bac                I2C3_ER_IRQHandler
                0x0000000008000bac                EXTI0_IRQHandler
                0x0000000008000bac                FPU_IRQHandler
                0x0000000008000bac                TIM1_UP_TIM16_IRQHandler
                0x0000000008000bac                AES1_IRQHandler
                0x0000000008000bac                SPI1_IRQHandler
                0x0000000008000bac                PWR_SOTF_BLEACT_802ACT_RFPHASE_IRQHandler
                0x0000000008000bac                DMA2_Channel2_IRQHandler
                0x0000000008000bac                DMA1_Channel4_IRQHandler
                0x0000000008000bac                ADC1_IRQHandler
                0x0000000008000bac                PKA_IRQHandler
                0x0000000008000bac                DMA1_Channel7_IRQHandler
                0x0000000008000bac                LCD_IRQHandler
                0x0000000008000bac                IPCC_C1_TX_IRQHandler
                0x0000000008000bac                DMA2_Channel1_IRQHandler
                0x0000000008000bac                QUADSPI_IRQHandler
                0x0000000008000bac                I2C1_EV_IRQHandler
                0x0000000008000bac                DMAMUX1_OVR_IRQHandler
                0x0000000008000bac                DMA1_Channel6_IRQHandler
                0x0000000008000bac                DMA2_Channel4_IRQHandler
                0x0000000008000bac                RCC_IRQHandler
                0x0000000008000bac                DMA1_Channel1_IRQHandler
                0x0000000008000bac                Default_Handler
                0x0000000008000bac                DMA2_Channel7_IRQHandler
                0x0000000008000bac                EXTI15_10_IRQHandler
                0x0000000008000bac                IPCC_C1_RX_IRQHandler
                0x0000000008000bac                C2SEV_PWR_C2H_IRQHandler
                0x0000000008000bac                AES2_IRQHandler
                0x0000000008000bac                I2C3_EV_IRQHandler
                0x0000000008000bac                EXTI9_5_IRQHandler
                0x0000000008000bac                RTC_WKUP_IRQHandler
                0x0000000008000bac                PVD_PVM_IRQHandler
                0x0000000008000bac                SPI2_IRQHandler
                0x0000000008000bac                DMA2_Channel5_IRQHandler
                0x0000000008000bac                CRS_IRQHandler
                0x0000000008000bac                DMA1_Channel5_IRQHandler
                0x0000000008000bac                USB_LP_IRQHandler
                0x0000000008000bac                EXTI4_IRQHandler
                0x0000000008000bac                RNG_IRQHandler
                0x0000000008000bac                TIM1_TRG_COM_TIM17_IRQHandler
                0x0000000008000bac                TAMP_STAMP_LSECSS_IRQHandler
                0x0000000008000bac                DMA1_Channel3_IRQHandler
                0x0000000008000bac                COMP_IRQHandler
                0x0000000008000bac                HSEM_IRQHandler
                0x0000000008000bac                WWDG_IRQHandler
                0x0000000008000bac                LPUART1_IRQHandler
                0x0000000008000bac                DMA2_Channel6_IRQHandler
                0x0000000008000bac                TIM2_IRQHandler
                0x0000000008000bac                TIM1_BRK_IRQHandler
                0x0000000008000bac                EXTI1_IRQHandler
                0x0000000008000bac                FLASH_IRQHandler
                0x0000000008000bac                USART1_IRQHandler
                0x0000000008000bac                I2C1_ER_IRQHandler
                0x0000000008000bac                LPTIM1_IRQHandler
                0x0000000008000bac                SAI1_IRQHandler
                0x0000000008000bac                DMA2_Channel3_IRQHandler
 *fill*         0x0000000008000bae        0x2 
 .text.HAL_Init
                0x0000000008000bb0       0x40 ./Drivers/STM32WBxx_HAL_Driver/Src/stm32wbxx_hal.o
                0x0000000008000bb0                HAL_Init
 .text.HAL_InitTick
                0x0000000008000bf0       0x74 ./Drivers/STM32WBxx_HAL_Driver/Src/stm32wbxx_hal.o
                0x0000000008000bf0                HAL_InitTick
 .text.HAL_IncTick
                0x0000000008000c64       0x28 ./Drivers/STM32WBxx_HAL_Driver/Src/stm32wbxx_hal.o
                0x0000000008000c64                HAL_IncTick
 .text.HAL_GetTick
                0x0000000008000c8c       0x18 ./Drivers/STM32WBxx_HAL_Driver/Src/stm32wbxx_hal.o
                0x0000000008000c8c                HAL_GetTick
 .text.HAL_GetTickPrio
                0x0000000008000ca4       0x18 ./Drivers/STM32WBxx_HAL_Driver/Src/stm32wbxx_hal.o
                0x0000000008000ca4                HAL_GetTickPrio
 .text.HAL_Delay
                0x0000000008000cbc       0x48 ./Drivers/STM32WBxx_HAL_Driver/Src/stm32wbxx_hal.o
                0x0000000008000cbc                HAL_Delay
 .text.__NVIC_SetPriorityGrouping
                0x0000000008000d04       0x48 ./Drivers/STM32WBxx_HAL_Driver/Src/stm32wbxx_hal_cortex.o
 .text.__NVIC_GetPriorityGrouping
                0x0000000008000d4c       0x1c ./Drivers/STM32WBxx_HAL_Driver/Src/stm32wbxx_hal_cortex.o
 .text.__NVIC_EnableIRQ
                0x0000000008000d68       0x3c ./Drivers/STM32WBxx_HAL_Driver/Src/stm32wbxx_hal_cortex.o
 .text.__NVIC_SetPriority
                0x0000000008000da4       0x54 ./Drivers/STM32WBxx_HAL_Driver/Src/stm32wbxx_hal_cortex.o
 .text.NVIC_EncodePriority
                0x0000000008000df8       0x66 ./Drivers/STM32WBxx_HAL_Driver/Src/stm32wbxx_hal_cortex.o
 *fill*         0x0000000008000e5e        0x2 
 .text.SysTick_Config
                0x0000000008000e60       0x44 ./Drivers/STM32WBxx_HAL_Driver/Src/stm32wbxx_hal_cortex.o
 .text.HAL_NVIC_SetPriorityGrouping
                0x0000000008000ea4       0x16 ./Drivers/STM32WBxx_HAL_Driver/Src/stm32wbxx_hal_cortex.o
                0x0000000008000ea4                HAL_NVIC_SetPriorityGrouping
 .text.HAL_NVIC_SetPriority
                0x0000000008000eba       0x34 ./Drivers/STM32WBxx_HAL_Driver/Src/stm32wbxx_hal_cortex.o
                0x0000000008000eba                HAL_NVIC_SetPriority
 .text.HAL_NVIC_EnableIRQ
                0x0000000008000eee       0x1c ./Drivers/STM32WBxx_HAL_Driver/Src/stm32wbxx_hal_cortex.o
                0x0000000008000eee                HAL_NVIC_EnableIRQ
 .text.HAL_SYSTICK_Config
                0x0000000008000f0a       0x18 ./Drivers/STM32WBxx_HAL_Driver/Src/stm32wbxx_hal_cortex.o
                0x0000000008000f0a                HAL_SYSTICK_Config
 *fill*         0x0000000008000f22        0x2 
 .text.HAL_DMA_Init
                0x0000000008000f24      0x150 ./Drivers/STM32WBxx_HAL_Driver/Src/stm32wbxx_hal_dma.o
                0x0000000008000f24                HAL_DMA_Init
 .text.HAL_DMA_Start_IT
                0x0000000008001074       0xf6 ./Drivers/STM32WBxx_HAL_Driver/Src/stm32wbxx_hal_dma.o
                0x0000000008001074                HAL_DMA_Start_IT
 .text.HAL_DMA_Abort_IT
                0x000000000800116a       0xbe ./Drivers/STM32WBxx_HAL_Driver/Src/stm32wbxx_hal_dma.o
                0x000000000800116a                HAL_DMA_Abort_IT
 .text.HAL_DMA_IRQHandler
                0x0000000008001228      0x15e ./Drivers/STM32WBxx_HAL_Driver/Src/stm32wbxx_hal_dma.o
                0x0000000008001228                HAL_DMA_IRQHandler
 .text.DMA_SetConfig
                0x0000000008001386       0x7c ./Drivers/STM32WBxx_HAL_Driver/Src/stm32wbxx_hal_dma.o
 *fill*         0x0000000008001402        0x2 
 .text.DMA_CalcDMAMUXChannelBaseAndMask
                0x0000000008001404       0x7c ./Drivers/STM32WBxx_HAL_Driver/Src/stm32wbxx_hal_dma.o
 .text.DMA_CalcDMAMUXRequestGenBaseAndMask
                0x0000000008001480       0x4c ./Drivers/STM32WBxx_HAL_Driver/Src/stm32wbxx_hal_dma.o
 .text.HAL_GPIO_Init
                0x00000000080014cc      0x2e0 ./Drivers/STM32WBxx_HAL_Driver/Src/stm32wbxx_hal_gpio.o
                0x00000000080014cc                HAL_GPIO_Init
 .text.HAL_GPIO_WritePin
                0x00000000080017ac       0x30 ./Drivers/STM32WBxx_HAL_Driver/Src/stm32wbxx_hal_gpio.o
                0x00000000080017ac                HAL_GPIO_WritePin
 .text.HAL_PWR_EnableBkUpAccess
                0x00000000080017dc       0x20 ./Drivers/STM32WBxx_HAL_Driver/Src/stm32wbxx_hal_pwr.o
                0x00000000080017dc                HAL_PWR_EnableBkUpAccess
 .text.HAL_PWREx_GetVoltageRange
                0x00000000080017fc       0x1c ./Drivers/STM32WBxx_HAL_Driver/Src/stm32wbxx_hal_pwr_ex.o
                0x00000000080017fc                HAL_PWREx_GetVoltageRange
 .text.LL_RCC_HSE_IsEnabledDiv2
                0x0000000008001818       0x24 ./Drivers/STM32WBxx_HAL_Driver/Src/stm32wbxx_hal_rcc.o
 .text.LL_RCC_HSE_Enable
                0x000000000800183c       0x1e ./Drivers/STM32WBxx_HAL_Driver/Src/stm32wbxx_hal_rcc.o
 .text.LL_RCC_HSE_Disable
                0x000000000800185a       0x1e ./Drivers/STM32WBxx_HAL_Driver/Src/stm32wbxx_hal_rcc.o
 .text.LL_RCC_HSE_IsReady
                0x0000000008001878       0x24 ./Drivers/STM32WBxx_HAL_Driver/Src/stm32wbxx_hal_rcc.o
 .text.LL_RCC_HSI_Enable
                0x000000000800189c       0x1e ./Drivers/STM32WBxx_HAL_Driver/Src/stm32wbxx_hal_rcc.o
 .text.LL_RCC_HSI_Disable
                0x00000000080018ba       0x1e ./Drivers/STM32WBxx_HAL_Driver/Src/stm32wbxx_hal_rcc.o
 .text.LL_RCC_HSI_IsReady
                0x00000000080018d8       0x24 ./Drivers/STM32WBxx_HAL_Driver/Src/stm32wbxx_hal_rcc.o
 .text.LL_RCC_HSI_SetCalibTrimming
                0x00000000080018fc       0x2a ./Drivers/STM32WBxx_HAL_Driver/Src/stm32wbxx_hal_rcc.o
 .text.LL_RCC_HSI48_Enable
                0x0000000008001926       0x22 ./Drivers/STM32WBxx_HAL_Driver/Src/stm32wbxx_hal_rcc.o
 .text.LL_RCC_HSI48_Disable
                0x0000000008001948       0x22 ./Drivers/STM32WBxx_HAL_Driver/Src/stm32wbxx_hal_rcc.o
 .text.LL_RCC_HSI48_IsReady
                0x000000000800196a       0x24 ./Drivers/STM32WBxx_HAL_Driver/Src/stm32wbxx_hal_rcc.o
 .text.LL_RCC_LSE_Enable
                0x000000000800198e       0x22 ./Drivers/STM32WBxx_HAL_Driver/Src/stm32wbxx_hal_rcc.o
 .text.LL_RCC_LSE_Disable
                0x00000000080019b0       0x22 ./Drivers/STM32WBxx_HAL_Driver/Src/stm32wbxx_hal_rcc.o
 .text.LL_RCC_LSE_EnableBypass
                0x00000000080019d2       0x22 ./Drivers/STM32WBxx_HAL_Driver/Src/stm32wbxx_hal_rcc.o
 .text.LL_RCC_LSE_DisableBypass
                0x00000000080019f4       0x22 ./Drivers/STM32WBxx_HAL_Driver/Src/stm32wbxx_hal_rcc.o
 .text.LL_RCC_LSE_IsReady
                0x0000000008001a16       0x24 ./Drivers/STM32WBxx_HAL_Driver/Src/stm32wbxx_hal_rcc.o
 .text.LL_RCC_LSI1_Enable
                0x0000000008001a3a       0x22 ./Drivers/STM32WBxx_HAL_Driver/Src/stm32wbxx_hal_rcc.o
 .text.LL_RCC_LSI1_Disable
                0x0000000008001a5c       0x22 ./Drivers/STM32WBxx_HAL_Driver/Src/stm32wbxx_hal_rcc.o
 .text.LL_RCC_LSI1_IsReady
                0x0000000008001a7e       0x24 ./Drivers/STM32WBxx_HAL_Driver/Src/stm32wbxx_hal_rcc.o
 .text.LL_RCC_LSI2_Enable
                0x0000000008001aa2       0x22 ./Drivers/STM32WBxx_HAL_Driver/Src/stm32wbxx_hal_rcc.o
 .text.LL_RCC_LSI2_Disable
                0x0000000008001ac4       0x22 ./Drivers/STM32WBxx_HAL_Driver/Src/stm32wbxx_hal_rcc.o
 .text.LL_RCC_LSI2_IsReady
                0x0000000008001ae6       0x24 ./Drivers/STM32WBxx_HAL_Driver/Src/stm32wbxx_hal_rcc.o
 .text.LL_RCC_LSI2_SetTrimming
                0x0000000008001b0a       0x2e ./Drivers/STM32WBxx_HAL_Driver/Src/stm32wbxx_hal_rcc.o
 .text.LL_RCC_MSI_Enable
                0x0000000008001b38       0x1e ./Drivers/STM32WBxx_HAL_Driver/Src/stm32wbxx_hal_rcc.o
 .text.LL_RCC_MSI_Disable
                0x0000000008001b56       0x1e ./Drivers/STM32WBxx_HAL_Driver/Src/stm32wbxx_hal_rcc.o
 .text.LL_RCC_MSI_IsReady
                0x0000000008001b74       0x22 ./Drivers/STM32WBxx_HAL_Driver/Src/stm32wbxx_hal_rcc.o
 .text.LL_RCC_MSI_SetRange
                0x0000000008001b96       0x28 ./Drivers/STM32WBxx_HAL_Driver/Src/stm32wbxx_hal_rcc.o
 .text.LL_RCC_MSI_GetRange
                0x0000000008001bbe       0x2a ./Drivers/STM32WBxx_HAL_Driver/Src/stm32wbxx_hal_rcc.o
 .text.LL_RCC_MSI_SetCalibTrimming
                0x0000000008001be8       0x2a ./Drivers/STM32WBxx_HAL_Driver/Src/stm32wbxx_hal_rcc.o
 .text.LL_RCC_SetSysClkSource
                0x0000000008001c12       0x28 ./Drivers/STM32WBxx_HAL_Driver/Src/stm32wbxx_hal_rcc.o
 .text.LL_RCC_GetSysClkSource
                0x0000000008001c3a       0x18 ./Drivers/STM32WBxx_HAL_Driver/Src/stm32wbxx_hal_rcc.o
 .text.LL_RCC_SetAHBPrescaler
                0x0000000008001c52       0x28 ./Drivers/STM32WBxx_HAL_Driver/Src/stm32wbxx_hal_rcc.o
 .text.LL_C2_RCC_SetAHBPrescaler
                0x0000000008001c7a       0x2c ./Drivers/STM32WBxx_HAL_Driver/Src/stm32wbxx_hal_rcc.o
 .text.LL_RCC_SetAHB4Prescaler
                0x0000000008001ca6       0x2e ./Drivers/STM32WBxx_HAL_Driver/Src/stm32wbxx_hal_rcc.o
 .text.LL_RCC_SetAPB1Prescaler
                0x0000000008001cd4       0x28 ./Drivers/STM32WBxx_HAL_Driver/Src/stm32wbxx_hal_rcc.o
 .text.LL_RCC_SetAPB2Prescaler
                0x0000000008001cfc       0x28 ./Drivers/STM32WBxx_HAL_Driver/Src/stm32wbxx_hal_rcc.o
 .text.LL_RCC_GetAHBPrescaler
                0x0000000008001d24       0x18 ./Drivers/STM32WBxx_HAL_Driver/Src/stm32wbxx_hal_rcc.o
 .text.LL_RCC_GetAHB4Prescaler
                0x0000000008001d3c       0x1c ./Drivers/STM32WBxx_HAL_Driver/Src/stm32wbxx_hal_rcc.o
 .text.LL_RCC_PLL_Enable
                0x0000000008001d58       0x1e ./Drivers/STM32WBxx_HAL_Driver/Src/stm32wbxx_hal_rcc.o
 .text.LL_RCC_PLL_Disable
                0x0000000008001d76       0x1e ./Drivers/STM32WBxx_HAL_Driver/Src/stm32wbxx_hal_rcc.o
 .text.LL_RCC_PLL_IsReady
                0x0000000008001d94       0x24 ./Drivers/STM32WBxx_HAL_Driver/Src/stm32wbxx_hal_rcc.o
 .text.LL_RCC_PLL_GetN
                0x0000000008001db8       0x1a ./Drivers/STM32WBxx_HAL_Driver/Src/stm32wbxx_hal_rcc.o
 .text.LL_RCC_PLL_GetR
                0x0000000008001dd2       0x18 ./Drivers/STM32WBxx_HAL_Driver/Src/stm32wbxx_hal_rcc.o
 .text.LL_RCC_PLL_GetDivider
                0x0000000008001dea       0x18 ./Drivers/STM32WBxx_HAL_Driver/Src/stm32wbxx_hal_rcc.o
 .text.LL_RCC_PLL_GetMainSource
                0x0000000008001e02       0x18 ./Drivers/STM32WBxx_HAL_Driver/Src/stm32wbxx_hal_rcc.o
 .text.LL_RCC_IsActiveFlag_HPRE
                0x0000000008001e1a       0x24 ./Drivers/STM32WBxx_HAL_Driver/Src/stm32wbxx_hal_rcc.o
 .text.LL_RCC_IsActiveFlag_C2HPRE
                0x0000000008001e3e       0x26 ./Drivers/STM32WBxx_HAL_Driver/Src/stm32wbxx_hal_rcc.o
 .text.LL_RCC_IsActiveFlag_SHDHPRE
                0x0000000008001e64       0x26 ./Drivers/STM32WBxx_HAL_Driver/Src/stm32wbxx_hal_rcc.o
 .text.LL_RCC_IsActiveFlag_PPRE1
                0x0000000008001e8a       0x24 ./Drivers/STM32WBxx_HAL_Driver/Src/stm32wbxx_hal_rcc.o
 .text.LL_RCC_IsActiveFlag_PPRE2
                0x0000000008001eae       0x24 ./Drivers/STM32WBxx_HAL_Driver/Src/stm32wbxx_hal_rcc.o
 *fill*         0x0000000008001ed2        0x2 
 .text.HAL_RCC_OscConfig
                0x0000000008001ed4      0x6e8 ./Drivers/STM32WBxx_HAL_Driver/Src/stm32wbxx_hal_rcc.o
                0x0000000008001ed4                HAL_RCC_OscConfig
 .text.HAL_RCC_ClockConfig
                0x00000000080025bc      0x280 ./Drivers/STM32WBxx_HAL_Driver/Src/stm32wbxx_hal_rcc.o
                0x00000000080025bc                HAL_RCC_ClockConfig
 .text.HAL_RCC_GetSysClockFreq
                0x000000000800283c       0xd8 ./Drivers/STM32WBxx_HAL_Driver/Src/stm32wbxx_hal_rcc.o
                0x000000000800283c                HAL_RCC_GetSysClockFreq
 .text.HAL_RCC_GetHCLKFreq
                0x0000000008002914       0x28 ./Drivers/STM32WBxx_HAL_Driver/Src/stm32wbxx_hal_rcc.o
                0x0000000008002914                HAL_RCC_GetHCLKFreq
 .text.RCC_SetFlashLatencyFromMSIRange
                0x000000000800293c       0x70 ./Drivers/STM32WBxx_HAL_Driver/Src/stm32wbxx_hal_rcc.o
 .text.RCC_SetFlashLatency
                0x00000000080029ac       0xf8 ./Drivers/STM32WBxx_HAL_Driver/Src/stm32wbxx_hal_rcc.o
 .text.LL_RCC_LSE_IsEnabled
                0x0000000008002aa4       0x24 ./Drivers/STM32WBxx_HAL_Driver/Src/stm32wbxx_hal_rcc_ex.o
 .text.LL_RCC_LSE_IsReady
                0x0000000008002ac8       0x24 ./Drivers/STM32WBxx_HAL_Driver/Src/stm32wbxx_hal_rcc_ex.o
 .text.LL_RCC_SetRFWKPClockSource
                0x0000000008002aec       0x2c ./Drivers/STM32WBxx_HAL_Driver/Src/stm32wbxx_hal_rcc_ex.o
 .text.LL_RCC_SetSMPSClockSource
                0x0000000008002b18       0x28 ./Drivers/STM32WBxx_HAL_Driver/Src/stm32wbxx_hal_rcc_ex.o
 .text.LL_RCC_SetSMPSPrescaler
                0x0000000008002b40       0x28 ./Drivers/STM32WBxx_HAL_Driver/Src/stm32wbxx_hal_rcc_ex.o
 .text.LL_RCC_SetUSARTClockSource
                0x0000000008002b68       0x2c ./Drivers/STM32WBxx_HAL_Driver/Src/stm32wbxx_hal_rcc_ex.o
 .text.LL_RCC_SetLPUARTClockSource
                0x0000000008002b94       0x2c ./Drivers/STM32WBxx_HAL_Driver/Src/stm32wbxx_hal_rcc_ex.o
 .text.LL_RCC_SetI2CClockSource
                0x0000000008002bc0       0x3a ./Drivers/STM32WBxx_HAL_Driver/Src/stm32wbxx_hal_rcc_ex.o
 .text.LL_RCC_SetLPTIMClockSource
                0x0000000008002bfa       0x34 ./Drivers/STM32WBxx_HAL_Driver/Src/stm32wbxx_hal_rcc_ex.o
 .text.LL_RCC_SetSAIClockSource
                0x0000000008002c2e       0x2c ./Drivers/STM32WBxx_HAL_Driver/Src/stm32wbxx_hal_rcc_ex.o
 .text.LL_RCC_SetRNGClockSource
                0x0000000008002c5a       0x2c ./Drivers/STM32WBxx_HAL_Driver/Src/stm32wbxx_hal_rcc_ex.o
 .text.LL_RCC_SetCLK48ClockSource
                0x0000000008002c86       0x2c ./Drivers/STM32WBxx_HAL_Driver/Src/stm32wbxx_hal_rcc_ex.o
 .text.LL_RCC_SetUSBClockSource
                0x0000000008002cb2       0x16 ./Drivers/STM32WBxx_HAL_Driver/Src/stm32wbxx_hal_rcc_ex.o
 .text.LL_RCC_SetADCClockSource
                0x0000000008002cc8       0x2c ./Drivers/STM32WBxx_HAL_Driver/Src/stm32wbxx_hal_rcc_ex.o
 .text.LL_RCC_SetRTCClockSource
                0x0000000008002cf4       0x2c ./Drivers/STM32WBxx_HAL_Driver/Src/stm32wbxx_hal_rcc_ex.o
 .text.LL_RCC_GetRTCClockSource
                0x0000000008002d20       0x1a ./Drivers/STM32WBxx_HAL_Driver/Src/stm32wbxx_hal_rcc_ex.o
 .text.LL_RCC_ForceBackupDomainReset
                0x0000000008002d3a       0x22 ./Drivers/STM32WBxx_HAL_Driver/Src/stm32wbxx_hal_rcc_ex.o
 .text.LL_RCC_ReleaseBackupDomainReset
                0x0000000008002d5c       0x22 ./Drivers/STM32WBxx_HAL_Driver/Src/stm32wbxx_hal_rcc_ex.o
 .text.LL_RCC_PLLSAI1_Enable
                0x0000000008002d7e       0x1e ./Drivers/STM32WBxx_HAL_Driver/Src/stm32wbxx_hal_rcc_ex.o
 .text.LL_RCC_PLLSAI1_Disable
                0x0000000008002d9c       0x1e ./Drivers/STM32WBxx_HAL_Driver/Src/stm32wbxx_hal_rcc_ex.o
 .text.LL_RCC_PLLSAI1_IsReady
                0x0000000008002dba       0x24 ./Drivers/STM32WBxx_HAL_Driver/Src/stm32wbxx_hal_rcc_ex.o
 .text.HAL_RCCEx_PeriphCLKConfig
                0x0000000008002dde      0x2ec ./Drivers/STM32WBxx_HAL_Driver/Src/stm32wbxx_hal_rcc_ex.o
                0x0000000008002dde                HAL_RCCEx_PeriphCLKConfig
 .text.RCCEx_PLLSAI1_ConfigNP
                0x00000000080030ca       0xb6 ./Drivers/STM32WBxx_HAL_Driver/Src/stm32wbxx_hal_rcc_ex.o
 .text.RCCEx_PLLSAI1_ConfigNQ
                0x0000000008003180       0xb6 ./Drivers/STM32WBxx_HAL_Driver/Src/stm32wbxx_hal_rcc_ex.o
 .text.RCCEx_PLLSAI1_ConfigNR
                0x0000000008003236       0xb6 ./Drivers/STM32WBxx_HAL_Driver/Src/stm32wbxx_hal_rcc_ex.o
 .text.HAL_TIM_Base_Init
                0x00000000080032ec       0xae ./Drivers/STM32WBxx_HAL_Driver/Src/stm32wbxx_hal_tim.o
                0x00000000080032ec                HAL_TIM_Base_Init
 .text.HAL_TIM_PWM_Init
                0x000000000800339a       0xae ./Drivers/STM32WBxx_HAL_Driver/Src/stm32wbxx_hal_tim.o
                0x000000000800339a                HAL_TIM_PWM_Init
 .text.HAL_TIM_PWM_MspInit
                0x0000000008003448       0x14 ./Drivers/STM32WBxx_HAL_Driver/Src/stm32wbxx_hal_tim.o
                0x0000000008003448                HAL_TIM_PWM_MspInit
 .text.HAL_TIM_PWM_Start_DMA
                0x000000000800345c      0x3e4 ./Drivers/STM32WBxx_HAL_Driver/Src/stm32wbxx_hal_tim.o
                0x000000000800345c                HAL_TIM_PWM_Start_DMA
 .text.HAL_TIM_PWM_Stop_DMA
                0x0000000008003840      0x1d0 ./Drivers/STM32WBxx_HAL_Driver/Src/stm32wbxx_hal_tim.o
                0x0000000008003840                HAL_TIM_PWM_Stop_DMA
 .text.HAL_TIM_PWM_ConfigChannel
                0x0000000008003a10      0x228 ./Drivers/STM32WBxx_HAL_Driver/Src/stm32wbxx_hal_tim.o
                0x0000000008003a10                HAL_TIM_PWM_ConfigChannel
 .text.HAL_TIM_ConfigClockSource
                0x0000000008003c38      0x192 ./Drivers/STM32WBxx_HAL_Driver/Src/stm32wbxx_hal_tim.o
                0x0000000008003c38                HAL_TIM_ConfigClockSource
 .text.HAL_TIM_PWM_PulseFinishedHalfCpltCallback
                0x0000000008003dca       0x14 ./Drivers/STM32WBxx_HAL_Driver/Src/stm32wbxx_hal_tim.o
                0x0000000008003dca                HAL_TIM_PWM_PulseFinishedHalfCpltCallback
 .text.HAL_TIM_ErrorCallback
                0x0000000008003dde       0x14 ./Drivers/STM32WBxx_HAL_Driver/Src/stm32wbxx_hal_tim.o
                0x0000000008003dde                HAL_TIM_ErrorCallback
 .text.TIM_DMAError
                0x0000000008003df2       0x92 ./Drivers/STM32WBxx_HAL_Driver/Src/stm32wbxx_hal_tim.o
                0x0000000008003df2                TIM_DMAError
 .text.TIM_DMADelayPulseCplt
                0x0000000008003e84       0xa8 ./Drivers/STM32WBxx_HAL_Driver/Src/stm32wbxx_hal_tim.o
 .text.TIM_DMADelayPulseHalfCplt
                0x0000000008003f2c       0x68 ./Drivers/STM32WBxx_HAL_Driver/Src/stm32wbxx_hal_tim.o
                0x0000000008003f2c                TIM_DMADelayPulseHalfCplt
 .text.TIM_Base_SetConfig
                0x0000000008003f94       0xc8 ./Drivers/STM32WBxx_HAL_Driver/Src/stm32wbxx_hal_tim.o
                0x0000000008003f94                TIM_Base_SetConfig
 .text.TIM_OC1_SetConfig
                0x000000000800405c       0xf8 ./Drivers/STM32WBxx_HAL_Driver/Src/stm32wbxx_hal_tim.o
 .text.TIM_OC2_SetConfig
                0x0000000008004154       0xf4 ./Drivers/STM32WBxx_HAL_Driver/Src/stm32wbxx_hal_tim.o
                0x0000000008004154                TIM_OC2_SetConfig
 .text.TIM_OC3_SetConfig
                0x0000000008004248       0xf0 ./Drivers/STM32WBxx_HAL_Driver/Src/stm32wbxx_hal_tim.o
 .text.TIM_OC4_SetConfig
                0x0000000008004338       0xbc ./Drivers/STM32WBxx_HAL_Driver/Src/stm32wbxx_hal_tim.o
 .text.TIM_OC5_SetConfig
                0x00000000080043f4       0xb0 ./Drivers/STM32WBxx_HAL_Driver/Src/stm32wbxx_hal_tim.o
 .text.TIM_OC6_SetConfig
                0x00000000080044a4       0xb4 ./Drivers/STM32WBxx_HAL_Driver/Src/stm32wbxx_hal_tim.o
 .text.TIM_TI1_ConfigInputStage
                0x0000000008004558       0x5e ./Drivers/STM32WBxx_HAL_Driver/Src/stm32wbxx_hal_tim.o
 .text.TIM_TI2_ConfigInputStage
                0x00000000080045b6       0x60 ./Drivers/STM32WBxx_HAL_Driver/Src/stm32wbxx_hal_tim.o
 .text.TIM_ITRx_SetConfig
                0x0000000008004616       0x3a ./Drivers/STM32WBxx_HAL_Driver/Src/stm32wbxx_hal_tim.o
 .text.TIM_ETR_SetConfig
                0x0000000008004650       0x40 ./Drivers/STM32WBxx_HAL_Driver/Src/stm32wbxx_hal_tim.o
                0x0000000008004650                TIM_ETR_SetConfig
 .text.TIM_CCxChannelCmd
                0x0000000008004690       0x4a ./Drivers/STM32WBxx_HAL_Driver/Src/stm32wbxx_hal_tim.o
                0x0000000008004690                TIM_CCxChannelCmd
 *fill*         0x00000000080046da        0x2 
 .text.HAL_TIMEx_MasterConfigSynchronization
                0x00000000080046dc       0xc0 ./Drivers/STM32WBxx_HAL_Driver/Src/stm32wbxx_hal_tim_ex.o
                0x00000000080046dc                HAL_TIMEx_MasterConfigSynchronization
 .text.HAL_TIMEx_ConfigBreakDeadTime
                0x000000000800479c      0x120 ./Drivers/STM32WBxx_HAL_Driver/Src/stm32wbxx_hal_tim_ex.o
                0x000000000800479c                HAL_TIMEx_ConfigBreakDeadTime
 .text.__libc_init_array
                0x00000000080048bc       0x48 d:/stm32cubeide_1.3.0/stm32cubeide/plugins/com.st.stm32cube.ide.mcu.externaltools.gnu-tools-for-stm32.10.3-2021.10.win32_1.0.100.202210260954/tools/bin/../lib/gcc/arm-none-eabi/10.3.1/../../../../arm-none-eabi/lib/thumb/v7e-m+fp/hard\libc_nano.a(lib_a-init.o)
                0x00000000080048bc                __libc_init_array
 .text.memcpy   0x0000000008004904       0x1c d:/stm32cubeide_1.3.0/stm32cubeide/plugins/com.st.stm32cube.ide.mcu.externaltools.gnu-tools-for-stm32.10.3-2021.10.win32_1.0.100.202210260954/tools/bin/../lib/gcc/arm-none-eabi/10.3.1/../../../../arm-none-eabi/lib/thumb/v7e-m+fp/hard\libc_nano.a(lib_a-memcpy-stub.o)
                0x0000000008004904                memcpy
 .text.memset   0x0000000008004920       0x10 d:/stm32cubeide_1.3.0/stm32cubeide/plugins/com.st.stm32cube.ide.mcu.externaltools.gnu-tools-for-stm32.10.3-2021.10.win32_1.0.100.202210260954/tools/bin/../lib/gcc/arm-none-eabi/10.3.1/../../../../arm-none-eabi/lib/thumb/v7e-m+fp/hard\libc_nano.a(lib_a-memset.o)
                0x0000000008004920                memset
 *(.glue_7)
 .glue_7        0x0000000008004930        0x0 linker stubs
 *(.glue_7t)
 .glue_7t       0x0000000008004930        0x0 linker stubs
 *(.eh_frame)
 .eh_frame      0x0000000008004930        0x0 d:/stm32cubeide_1.3.0/stm32cubeide/plugins/com.st.stm32cube.ide.mcu.externaltools.gnu-tools-for-stm32.10.3-2021.10.win32_1.0.100.202210260954/tools/bin/../lib/gcc/arm-none-eabi/10.3.1/thumb/v7e-m+fp/hard/crtbegin.o
 *(.init)
 .init          0x0000000008004930        0x4 d:/stm32cubeide_1.3.0/stm32cubeide/plugins/com.st.stm32cube.ide.mcu.externaltools.gnu-tools-for-stm32.10.3-2021.10.win32_1.0.100.202210260954/tools/bin/../lib/gcc/arm-none-eabi/10.3.1/thumb/v7e-m+fp/hard/crti.o
                0x0000000008004930                _init
 .init          0x0000000008004934        0x8 d:/stm32cubeide_1.3.0/stm32cubeide/plugins/com.st.stm32cube.ide.mcu.externaltools.gnu-tools-for-stm32.10.3-2021.10.win32_1.0.100.202210260954/tools/bin/../lib/gcc/arm-none-eabi/10.3.1/thumb/v7e-m+fp/hard/crtn.o
 *(.fini)
 .fini          0x000000000800493c        0x4 d:/stm32cubeide_1.3.0/stm32cubeide/plugins/com.st.stm32cube.ide.mcu.externaltools.gnu-tools-for-stm32.10.3-2021.10.win32_1.0.100.202210260954/tools/bin/../lib/gcc/arm-none-eabi/10.3.1/thumb/v7e-m+fp/hard/crti.o
                0x000000000800493c                _fini
 .fini          0x0000000008004940        0x8 d:/stm32cubeide_1.3.0/stm32cubeide/plugins/com.st.stm32cube.ide.mcu.externaltools.gnu-tools-for-stm32.10.3-2021.10.win32_1.0.100.202210260954/tools/bin/../lib/gcc/arm-none-eabi/10.3.1/thumb/v7e-m+fp/hard/crtn.o
                0x0000000008004948                . = ALIGN (0x4)
                0x0000000008004948                _etext = .

.vfp11_veneer   0x0000000008004948        0x0
 .vfp11_veneer  0x0000000008004948        0x0 linker stubs

.v4_bx          0x0000000008004948        0x0
 .v4_bx         0x0000000008004948        0x0 linker stubs

.iplt           0x0000000008004948        0x0
 .iplt          0x0000000008004948        0x0 d:/stm32cubeide_1.3.0/stm32cubeide/plugins/com.st.stm32cube.ide.mcu.externaltools.gnu-tools-for-stm32.10.3-2021.10.win32_1.0.100.202210260954/tools/bin/../lib/gcc/arm-none-eabi/10.3.1/thumb/v7e-m+fp/hard/crtbegin.o

.rodata         0x0000000008004948       0xac
                0x0000000008004948                . = ALIGN (0x4)
 *(.rodata)
 .rodata        0x0000000008004948       0x2c ./Drivers/STM32WBxx_HAL_Driver/Src/stm32wbxx_hal_rcc.o
 *(.rodata*)
 .rodata.AHBPrescTable
                0x0000000008004974       0x40 ./Core/Src/system_stm32wbxx.o
                0x0000000008004974                AHBPrescTable
 .rodata.MSIRangeTable
                0x00000000080049b4       0x40 ./Core/Src/system_stm32wbxx.o
                0x00000000080049b4                MSIRangeTable
                0x00000000080049f4                . = ALIGN (0x4)

.rel.dyn        0x00000000080049f4        0x0
 .rel.iplt      0x00000000080049f4        0x0 d:/stm32cubeide_1.3.0/stm32cubeide/plugins/com.st.stm32cube.ide.mcu.externaltools.gnu-tools-for-stm32.10.3-2021.10.win32_1.0.100.202210260954/tools/bin/../lib/gcc/arm-none-eabi/10.3.1/thumb/v7e-m+fp/hard/crtbegin.o

.ARM.extab
 *(.ARM.extab* .gnu.linkonce.armextab.*)

.ARM            0x00000000080049f4        0x0
                0x00000000080049f4                __exidx_start = .
 *(.ARM.exidx*)
                0x00000000080049f4                __exidx_end = .

.preinit_array  0x00000000080049f4        0x0
                0x00000000080049f4                PROVIDE (__preinit_array_start = .)
 *(.preinit_array*)
                0x00000000080049f4                PROVIDE (__preinit_array_end = .)

.init_array     0x00000000080049f4        0x4
                0x00000000080049f4                PROVIDE (__init_array_start = .)
 *(SORT_BY_NAME(.init_array.*))
 *(.init_array*)
 .init_array    0x00000000080049f4        0x4 d:/stm32cubeide_1.3.0/stm32cubeide/plugins/com.st.stm32cube.ide.mcu.externaltools.gnu-tools-for-stm32.10.3-2021.10.win32_1.0.100.202210260954/tools/bin/../lib/gcc/arm-none-eabi/10.3.1/thumb/v7e-m+fp/hard/crtbegin.o
                0x00000000080049f8                PROVIDE (__init_array_end = .)

.fini_array     0x00000000080049f8        0x4
                [!provide]                        PROVIDE (__fini_array_start = .)
 *(SORT_BY_NAME(.fini_array.*))
 *(.fini_array*)
 .fini_array    0x00000000080049f8        0x4 d:/stm32cubeide_1.3.0/stm32cubeide/plugins/com.st.stm32cube.ide.mcu.externaltools.gnu-tools-for-stm32.10.3-2021.10.win32_1.0.100.202210260954/tools/bin/../lib/gcc/arm-none-eabi/10.3.1/thumb/v7e-m+fp/hard/crtbegin.o
                [!provide]                        PROVIDE (__fini_array_end = .)
                0x00000000080049fc                _sidata = LOADADDR (.data)

.data           0x0000000020000008        0xc load address 0x00000000080049fc
                0x0000000020000008                . = ALIGN (0x4)
                0x0000000020000008                _sdata = .
 *(.data)
 *(.data*)
 .data.SystemCoreClock
                0x0000000020000008        0x4 ./Core/Src/system_stm32wbxx.o
                0x0000000020000008                SystemCoreClock
 .data.uwTickPrio
                0x000000002000000c        0x4 ./Drivers/STM32WBxx_HAL_Driver/Src/stm32wbxx_hal.o
                0x000000002000000c                uwTickPrio
 .data.uwTickFreq
                0x0000000020000010        0x1 ./Drivers/STM32WBxx_HAL_Driver/Src/stm32wbxx_hal.o
                0x0000000020000010                uwTickFreq
 *(.RamFunc)
 *(.RamFunc*)
                0x0000000020000014                . = ALIGN (0x4)
 *fill*         0x0000000020000011        0x3 
                0x0000000020000014                _edata = .

.igot.plt       0x0000000020000014        0x0 load address 0x0000000008004a08
 .igot.plt      0x0000000020000014        0x0 d:/stm32cubeide_1.3.0/stm32cubeide/plugins/com.st.stm32cube.ide.mcu.externaltools.gnu-tools-for-stm32.10.3-2021.10.win32_1.0.100.202210260954/tools/bin/../lib/gcc/arm-none-eabi/10.3.1/thumb/v7e-m+fp/hard/crtbegin.o
                0x0000000020000014                . = ALIGN (0x4)

.bss            0x0000000020000014     0x3a3c load address 0x0000000008004a08
                0x0000000020000014                _sbss = .
                0x0000000020000014                __bss_start__ = _sbss
 *(.bss)
 .bss           0x0000000020000014       0x1c d:/stm32cubeide_1.3.0/stm32cubeide/plugins/com.st.stm32cube.ide.mcu.externaltools.gnu-tools-for-stm32.10.3-2021.10.win32_1.0.100.202210260954/tools/bin/../lib/gcc/arm-none-eabi/10.3.1/thumb/v7e-m+fp/hard/crtbegin.o
 *(.bss*)
 .bss.BUFF_DMA  0x0000000020000030     0x3900 ./Core/Src/WS2812B.o
                0x0000000020000030                BUFF_DMA
 .bss.rgb_temp  0x0000000020003930        0xf ./Core/Src/WS2812B.o
                0x0000000020003930                rgb_temp
 *fill*         0x000000002000393f        0x1 
 .bss.OneLed_DMA_BUF_TEMP
                0x0000000020003940       0x60 ./Core/Src/WS2812B.o
                0x0000000020003940                OneLed_DMA_BUF_TEMP
 .bss.htim1     0x00000000200039a0       0x4c ./Core/Src/tim.o
                0x00000000200039a0                htim1
 .bss.hdma_tim1_ch2
                0x00000000200039ec       0x60 ./Core/Src/tim.o
                0x00000000200039ec                hdma_tim1_ch2
 .bss.uwTick    0x0000000020003a4c        0x4 ./Drivers/STM32WBxx_HAL_Driver/Src/stm32wbxx_hal.o
                0x0000000020003a4c                uwTick
 *(COMMON)
                0x0000000020003a50                . = ALIGN (0x4)
                0x0000000020003a50                _ebss = .
                0x0000000020003a50                __bss_end__ = _ebss

._user_heap_stack
                0x0000000020003a50      0x600 load address 0x0000000008004a08
                0x0000000020003a50                . = ALIGN (0x8)
                [!provide]                        PROVIDE (end = .)
                0x0000000020003a50                PROVIDE (_end = .)
                0x0000000020003c50                . = (. + _Min_Heap_Size)
 *fill*         0x0000000020003a50      0x200 
                0x0000000020004050                . = (. + _Min_Stack_Size)
 *fill*         0x0000000020003c50      0x400 
                0x0000000020004050                . = ALIGN (0x8)

/DISCARD/
 libc.a(*)
 libm.a(*)
 libgcc.a(*)

.ARM.attributes
                0x0000000000000000       0x30
 *(.ARM.attributes)
 .ARM.attributes
                0x0000000000000000       0x1e d:/stm32cubeide_1.3.0/stm32cubeide/plugins/com.st.stm32cube.ide.mcu.externaltools.gnu-tools-for-stm32.10.3-2021.10.win32_1.0.100.202210260954/tools/bin/../lib/gcc/arm-none-eabi/10.3.1/thumb/v7e-m+fp/hard/crti.o
 .ARM.attributes
                0x000000000000001e       0x34 d:/stm32cubeide_1.3.0/stm32cubeide/plugins/com.st.stm32cube.ide.mcu.externaltools.gnu-tools-for-stm32.10.3-2021.10.win32_1.0.100.202210260954/tools/bin/../lib/gcc/arm-none-eabi/10.3.1/thumb/v7e-m+fp/hard/crtbegin.o
 .ARM.attributes
                0x0000000000000052       0x34 ./Core/Src/WS2812B.o
 .ARM.attributes
                0x0000000000000086       0x34 ./Core/Src/dma.o
 .ARM.attributes
                0x00000000000000ba       0x34 ./Core/Src/gpio.o
 .ARM.attributes
                0x00000000000000ee       0x34 ./Core/Src/main.o
 .ARM.attributes
                0x0000000000000122       0x34 ./Core/Src/stm32wbxx_hal_msp.o
 .ARM.attributes
                0x0000000000000156       0x34 ./Core/Src/stm32wbxx_it.o
 .ARM.attributes
                0x000000000000018a       0x34 ./Core/Src/system_stm32wbxx.o
 .ARM.attributes
                0x00000000000001be       0x34 ./Core/Src/tim.o
 .ARM.attributes
                0x00000000000001f2       0x21 ./Core/Startup/startup_stm32wb55rgvx.o
 .ARM.attributes
                0x0000000000000213       0x34 ./Drivers/STM32WBxx_HAL_Driver/Src/stm32wbxx_hal.o
 .ARM.attributes
                0x0000000000000247       0x34 ./Drivers/STM32WBxx_HAL_Driver/Src/stm32wbxx_hal_cortex.o
 .ARM.attributes
                0x000000000000027b       0x34 ./Drivers/STM32WBxx_HAL_Driver/Src/stm32wbxx_hal_dma.o
 .ARM.attributes
                0x00000000000002af       0x34 ./Drivers/STM32WBxx_HAL_Driver/Src/stm32wbxx_hal_gpio.o
 .ARM.attributes
                0x00000000000002e3       0x34 ./Drivers/STM32WBxx_HAL_Driver/Src/stm32wbxx_hal_pwr.o
 .ARM.attributes
                0x0000000000000317       0x34 ./Drivers/STM32WBxx_HAL_Driver/Src/stm32wbxx_hal_pwr_ex.o
 .ARM.attributes
                0x000000000000034b       0x34 ./Drivers/STM32WBxx_HAL_Driver/Src/stm32wbxx_hal_rcc.o
 .ARM.attributes
                0x000000000000037f       0x34 ./Drivers/STM32WBxx_HAL_Driver/Src/stm32wbxx_hal_rcc_ex.o
 .ARM.attributes
                0x00000000000003b3       0x34 ./Drivers/STM32WBxx_HAL_Driver/Src/stm32wbxx_hal_tim.o
 .ARM.attributes
                0x00000000000003e7       0x34 ./Drivers/STM32WBxx_HAL_Driver/Src/stm32wbxx_hal_tim_ex.o
 .ARM.attributes
                0x000000000000041b       0x34 d:/stm32cubeide_1.3.0/stm32cubeide/plugins/com.st.stm32cube.ide.mcu.externaltools.gnu-tools-for-stm32.10.3-2021.10.win32_1.0.100.202210260954/tools/bin/../lib/gcc/arm-none-eabi/10.3.1/../../../../arm-none-eabi/lib/thumb/v7e-m+fp/hard\libc_nano.a(lib_a-init.o)
 .ARM.attributes
                0x000000000000044f       0x34 d:/stm32cubeide_1.3.0/stm32cubeide/plugins/com.st.stm32cube.ide.mcu.externaltools.gnu-tools-for-stm32.10.3-2021.10.win32_1.0.100.202210260954/tools/bin/../lib/gcc/arm-none-eabi/10.3.1/../../../../arm-none-eabi/lib/thumb/v7e-m+fp/hard\libc_nano.a(lib_a-memcpy-stub.o)
 .ARM.attributes
                0x0000000000000483       0x34 d:/stm32cubeide_1.3.0/stm32cubeide/plugins/com.st.stm32cube.ide.mcu.externaltools.gnu-tools-for-stm32.10.3-2021.10.win32_1.0.100.202210260954/tools/bin/../lib/gcc/arm-none-eabi/10.3.1/../../../../arm-none-eabi/lib/thumb/v7e-m+fp/hard\libc_nano.a(lib_a-memset.o)
 .ARM.attributes
                0x00000000000004b7       0x1e d:/stm32cubeide_1.3.0/stm32cubeide/plugins/com.st.stm32cube.ide.mcu.externaltools.gnu-tools-for-stm32.10.3-2021.10.win32_1.0.100.202210260954/tools/bin/../lib/gcc/arm-none-eabi/10.3.1/thumb/v7e-m+fp/hard/crtn.o

MAPPING_TABLE
 *(MAPPING_TABLE)

MB_MEM1
 *(MB_MEM1)
                0x0000000008004a08                _siMB_MEM2 = LOADADDR (.MB_MEM2)

.MB_MEM2        0x0000000020030000        0x0 load address 0x0000000008004a08
                0x0000000020030000                _sMB_MEM2 = .
 *(.MB_MEM2)
                0x0000000020030000                _eMB_MEM2 = .
OUTPUT(leds_strip_nucleo_board.elf elf32-littlearm)
LOAD linker stubs
LOAD d:/stm32cubeide_1.3.0/stm32cubeide/plugins/com.st.stm32cube.ide.mcu.externaltools.gnu-tools-for-stm32.10.3-2021.10.win32_1.0.100.202210260954/tools/bin/../lib/gcc/arm-none-eabi/10.3.1/../../../../arm-none-eabi/lib/thumb/v7e-m+fp/hard\libc.a
LOAD d:/stm32cubeide_1.3.0/stm32cubeide/plugins/com.st.stm32cube.ide.mcu.externaltools.gnu-tools-for-stm32.10.3-2021.10.win32_1.0.100.202210260954/tools/bin/../lib/gcc/arm-none-eabi/10.3.1/../../../../arm-none-eabi/lib/thumb/v7e-m+fp/hard\libm.a
LOAD d:/stm32cubeide_1.3.0/stm32cubeide/plugins/com.st.stm32cube.ide.mcu.externaltools.gnu-tools-for-stm32.10.3-2021.10.win32_1.0.100.202210260954/tools/bin/../lib/gcc/arm-none-eabi/10.3.1/thumb/v7e-m+fp/hard\libgcc.a

.debug_info     0x0000000000000000    0x10763
 .debug_info    0x0000000000000000      0xc43 ./Core/Src/WS2812B.o
 .debug_info    0x0000000000000c43      0x659 ./Core/Src/dma.o
 .debug_info    0x000000000000129c      0x602 ./Core/Src/gpio.o
 .debug_info    0x000000000000189e      0x6bb ./Core/Src/main.o
 .debug_info    0x0000000000001f59       0x89 ./Core/Src/stm32wbxx_hal_msp.o
 .debug_info    0x0000000000001fe2      0x90c ./Core/Src/stm32wbxx_it.o
 .debug_info    0x00000000000028ee      0x741 ./Core/Src/system_stm32wbxx.o
 .debug_info    0x000000000000302f     0x112a ./Core/Src/tim.o
 .debug_info    0x0000000000004159       0x22 ./Core/Startup/startup_stm32wb55rgvx.o
 .debug_info    0x000000000000417b     0x1379 ./Drivers/STM32WBxx_HAL_Driver/Src/stm32wbxx_hal.o
 .debug_info    0x00000000000054f4      0xd41 ./Drivers/STM32WBxx_HAL_Driver/Src/stm32wbxx_hal_cortex.o
 .debug_info    0x0000000000006235      0x8cc ./Drivers/STM32WBxx_HAL_Driver/Src/stm32wbxx_hal_dma.o
 .debug_info    0x0000000000006b01      0x747 ./Drivers/STM32WBxx_HAL_Driver/Src/stm32wbxx_hal_gpio.o
 .debug_info    0x0000000000007248      0x939 ./Drivers/STM32WBxx_HAL_Driver/Src/stm32wbxx_hal_pwr.o
 .debug_info    0x0000000000007b81     0x10e2 ./Drivers/STM32WBxx_HAL_Driver/Src/stm32wbxx_hal_pwr_ex.o
 .debug_info    0x0000000000008c63     0x15a4 ./Drivers/STM32WBxx_HAL_Driver/Src/stm32wbxx_hal_rcc.o
 .debug_info    0x000000000000a207     0x1d3c ./Drivers/STM32WBxx_HAL_Driver/Src/stm32wbxx_hal_rcc_ex.o
 .debug_info    0x000000000000bf43     0x2e2b ./Drivers/STM32WBxx_HAL_Driver/Src/stm32wbxx_hal_tim.o
 .debug_info    0x000000000000ed6e     0x19f5 ./Drivers/STM32WBxx_HAL_Driver/Src/stm32wbxx_hal_tim_ex.o

.debug_abbrev   0x0000000000000000     0x26d6
 .debug_abbrev  0x0000000000000000      0x258 ./Core/Src/WS2812B.o
 .debug_abbrev  0x0000000000000258      0x13b ./Core/Src/dma.o
 .debug_abbrev  0x0000000000000393      0x18e ./Core/Src/gpio.o
 .debug_abbrev  0x0000000000000521      0x1b0 ./Core/Src/main.o
 .debug_abbrev  0x00000000000006d1       0x47 ./Core/Src/stm32wbxx_hal_msp.o
 .debug_abbrev  0x0000000000000718      0x1c8 ./Core/Src/stm32wbxx_it.o
 .debug_abbrev  0x00000000000008e0      0x136 ./Core/Src/system_stm32wbxx.o
 .debug_abbrev  0x0000000000000a16      0x253 ./Core/Src/tim.o
 .debug_abbrev  0x0000000000000c69       0x12 ./Core/Startup/startup_stm32wb55rgvx.o
 .debug_abbrev  0x0000000000000c7b      0x356 ./Drivers/STM32WBxx_HAL_Driver/Src/stm32wbxx_hal.o
 .debug_abbrev  0x0000000000000fd1      0x30d ./Drivers/STM32WBxx_HAL_Driver/Src/stm32wbxx_hal_cortex.o
 .debug_abbrev  0x00000000000012de      0x1d7 ./Drivers/STM32WBxx_HAL_Driver/Src/stm32wbxx_hal_dma.o
 .debug_abbrev  0x00000000000014b5      0x1d2 ./Drivers/STM32WBxx_HAL_Driver/Src/stm32wbxx_hal_gpio.o
 .debug_abbrev  0x0000000000001687      0x1fb ./Drivers/STM32WBxx_HAL_Driver/Src/stm32wbxx_hal_pwr.o
 .debug_abbrev  0x0000000000001882      0x314 ./Drivers/STM32WBxx_HAL_Driver/Src/stm32wbxx_hal_pwr_ex.o
 .debug_abbrev  0x0000000000001b96      0x311 ./Drivers/STM32WBxx_HAL_Driver/Src/stm32wbxx_hal_rcc.o
 .debug_abbrev  0x0000000000001ea7      0x34a ./Drivers/STM32WBxx_HAL_Driver/Src/stm32wbxx_hal_rcc_ex.o
 .debug_abbrev  0x00000000000021f1      0x264 ./Drivers/STM32WBxx_HAL_Driver/Src/stm32wbxx_hal_tim.o
 .debug_abbrev  0x0000000000002455      0x281 ./Drivers/STM32WBxx_HAL_Driver/Src/stm32wbxx_hal_tim_ex.o

.debug_aranges  0x0000000000000000     0x1570
 .debug_aranges
                0x0000000000000000       0x70 ./Core/Src/WS2812B.o
 .debug_aranges
                0x0000000000000070       0x28 ./Core/Src/dma.o
 .debug_aranges
                0x0000000000000098       0x28 ./Core/Src/gpio.o
 .debug_aranges
                0x00000000000000c0       0x38 ./Core/Src/main.o
 .debug_aranges
                0x00000000000000f8       0x20 ./Core/Src/stm32wbxx_hal_msp.o
 .debug_aranges
                0x0000000000000118       0x70 ./Core/Src/stm32wbxx_it.o
 .debug_aranges
                0x0000000000000188       0x28 ./Core/Src/system_stm32wbxx.o
 .debug_aranges
                0x00000000000001b0       0x50 ./Core/Src/tim.o
 .debug_aranges
                0x0000000000000200       0x30 ./Core/Startup/startup_stm32wb55rgvx.o
 .debug_aranges
                0x0000000000000230      0x280 ./Drivers/STM32WBxx_HAL_Driver/Src/stm32wbxx_hal.o
 .debug_aranges
                0x00000000000004b0      0x108 ./Drivers/STM32WBxx_HAL_Driver/Src/stm32wbxx_hal_cortex.o
 .debug_aranges
                0x00000000000005b8       0x90 ./Drivers/STM32WBxx_HAL_Driver/Src/stm32wbxx_hal_dma.o
 .debug_aranges
                0x0000000000000648       0x60 ./Drivers/STM32WBxx_HAL_Driver/Src/stm32wbxx_hal_gpio.o
 .debug_aranges
                0x00000000000006a8       0xd0 ./Drivers/STM32WBxx_HAL_Driver/Src/stm32wbxx_hal_pwr.o
 .debug_aranges
                0x0000000000000778      0x288 ./Drivers/STM32WBxx_HAL_Driver/Src/stm32wbxx_hal_pwr_ex.o
 .debug_aranges
                0x0000000000000a00      0x270 ./Drivers/STM32WBxx_HAL_Driver/Src/stm32wbxx_hal_rcc.o
 .debug_aranges
                0x0000000000000c70      0x390 ./Drivers/STM32WBxx_HAL_Driver/Src/stm32wbxx_hal_rcc_ex.o
 .debug_aranges
                0x0000000000001000      0x3e0 ./Drivers/STM32WBxx_HAL_Driver/Src/stm32wbxx_hal_tim.o
 .debug_aranges
                0x00000000000013e0      0x190 ./Drivers/STM32WBxx_HAL_Driver/Src/stm32wbxx_hal_tim_ex.o

.debug_ranges   0x0000000000000000     0x1448
 .debug_ranges  0x0000000000000000       0x60 ./Core/Src/WS2812B.o
 .debug_ranges  0x0000000000000060       0x18 ./Core/Src/dma.o
 .debug_ranges  0x0000000000000078       0x18 ./Core/Src/gpio.o
 .debug_ranges  0x0000000000000090       0x28 ./Core/Src/main.o
 .debug_ranges  0x00000000000000b8       0x10 ./Core/Src/stm32wbxx_hal_msp.o
 .debug_ranges  0x00000000000000c8       0x60 ./Core/Src/stm32wbxx_it.o
 .debug_ranges  0x0000000000000128       0x18 ./Core/Src/system_stm32wbxx.o
 .debug_ranges  0x0000000000000140       0x40 ./Core/Src/tim.o
 .debug_ranges  0x0000000000000180       0x28 ./Core/Startup/startup_stm32wb55rgvx.o
 .debug_ranges  0x00000000000001a8      0x270 ./Drivers/STM32WBxx_HAL_Driver/Src/stm32wbxx_hal.o
 .debug_ranges  0x0000000000000418       0xf8 ./Drivers/STM32WBxx_HAL_Driver/Src/stm32wbxx_hal_cortex.o
 .debug_ranges  0x0000000000000510       0x80 ./Drivers/STM32WBxx_HAL_Driver/Src/stm32wbxx_hal_dma.o
 .debug_ranges  0x0000000000000590       0x50 ./Drivers/STM32WBxx_HAL_Driver/Src/stm32wbxx_hal_gpio.o
 .debug_ranges  0x00000000000005e0       0xc0 ./Drivers/STM32WBxx_HAL_Driver/Src/stm32wbxx_hal_pwr.o
 .debug_ranges  0x00000000000006a0      0x278 ./Drivers/STM32WBxx_HAL_Driver/Src/stm32wbxx_hal_pwr_ex.o
 .debug_ranges  0x0000000000000918      0x260 ./Drivers/STM32WBxx_HAL_Driver/Src/stm32wbxx_hal_rcc.o
 .debug_ranges  0x0000000000000b78      0x380 ./Drivers/STM32WBxx_HAL_Driver/Src/stm32wbxx_hal_rcc_ex.o
 .debug_ranges  0x0000000000000ef8      0x3d0 ./Drivers/STM32WBxx_HAL_Driver/Src/stm32wbxx_hal_tim.o
 .debug_ranges  0x00000000000012c8      0x180 ./Drivers/STM32WBxx_HAL_Driver/Src/stm32wbxx_hal_tim_ex.o

.debug_macro    0x0000000000000000    0x224d1
 .debug_macro   0x0000000000000000      0x3f3 ./Core/Src/WS2812B.o
 .debug_macro   0x00000000000003f3      0xa78 ./Core/Src/WS2812B.o
 .debug_macro   0x0000000000000e6b       0x2e ./Core/Src/WS2812B.o
 .debug_macro   0x0000000000000e99       0x22 ./Core/Src/WS2812B.o
 .debug_macro   0x0000000000000ebb       0x8e ./Core/Src/WS2812B.o
 .debug_macro   0x0000000000000f49       0x51 ./Core/Src/WS2812B.o
 .debug_macro   0x0000000000000f9a      0x103 ./Core/Src/WS2812B.o
 .debug_macro   0x000000000000109d       0x6a ./Core/Src/WS2812B.o
 .debug_macro   0x0000000000001107      0x1df ./Core/Src/WS2812B.o
 .debug_macro   0x00000000000012e6       0x1c ./Core/Src/WS2812B.o
 .debug_macro   0x0000000000001302       0x22 ./Core/Src/WS2812B.o
 .debug_macro   0x0000000000001324       0xfb ./Core/Src/WS2812B.o
 .debug_macro   0x000000000000141f     0x1011 ./Core/Src/WS2812B.o
 .debug_macro   0x0000000000002430      0x11f ./Core/Src/WS2812B.o
 .debug_macro   0x000000000000254f    0x12adb ./Core/Src/WS2812B.o
 .debug_macro   0x000000000001502a       0x52 ./Core/Src/WS2812B.o
 .debug_macro   0x000000000001507c       0x1e ./Core/Src/WS2812B.o
 .debug_macro   0x000000000001509a       0x3c ./Core/Src/WS2812B.o
 .debug_macro   0x00000000000150d6       0x34 ./Core/Src/WS2812B.o
 .debug_macro   0x000000000001510a       0x16 ./Core/Src/WS2812B.o
 .debug_macro   0x0000000000015120       0x97 ./Core/Src/WS2812B.o
 .debug_macro   0x00000000000151b7      0x341 ./Core/Src/WS2812B.o
 .debug_macro   0x00000000000154f8       0xfd ./Core/Src/WS2812B.o
 .debug_macro   0x00000000000155f5       0x10 ./Core/Src/WS2812B.o
 .debug_macro   0x0000000000015605       0x16 ./Core/Src/WS2812B.o
 .debug_macro   0x000000000001561b       0x43 ./Core/Src/WS2812B.o
 .debug_macro   0x000000000001565e       0x34 ./Core/Src/WS2812B.o
 .debug_macro   0x0000000000015692       0x10 ./Core/Src/WS2812B.o
 .debug_macro   0x00000000000156a2       0x58 ./Core/Src/WS2812B.o
 .debug_macro   0x00000000000156fa       0x71 ./Core/Src/WS2812B.o
 .debug_macro   0x000000000001576b       0x1c ./Core/Src/WS2812B.o
 .debug_macro   0x0000000000015787      0x12a ./Core/Src/WS2812B.o
 .debug_macro   0x00000000000158b1       0x10 ./Core/Src/WS2812B.o
 .debug_macro   0x00000000000158c1       0x1c ./Core/Src/WS2812B.o
 .debug_macro   0x00000000000158dd       0x52 ./Core/Src/WS2812B.o
 .debug_macro   0x000000000001592f       0x22 ./Core/Src/WS2812B.o
 .debug_macro   0x0000000000015951       0x10 ./Core/Src/WS2812B.o
 .debug_macro   0x0000000000015961       0x52 ./Core/Src/WS2812B.o
 .debug_macro   0x00000000000159b3       0xd5 ./Core/Src/WS2812B.o
 .debug_macro   0x0000000000015a88       0x1c ./Core/Src/WS2812B.o
 .debug_macro   0x0000000000015aa4       0x3d ./Core/Src/WS2812B.o
 .debug_macro   0x0000000000015ae1       0x16 ./Core/Src/WS2812B.o
 .debug_macro   0x0000000000015af7      0x145 ./Core/Src/WS2812B.o
 .debug_macro   0x0000000000015c3c       0x16 ./Core/Src/WS2812B.o
 .debug_macro   0x0000000000015c52       0x35 ./Core/Src/WS2812B.o
 .debug_macro   0x0000000000015c87       0x16 ./Core/Src/WS2812B.o
 .debug_macro   0x0000000000015c9d       0x29 ./Core/Src/WS2812B.o
 .debug_macro   0x0000000000015cc6      0x12a ./Core/Src/WS2812B.o
 .debug_macro   0x0000000000015df0       0x2e ./Core/Src/WS2812B.o
 .debug_macro   0x0000000000015e1e       0x6c ./Core/Src/WS2812B.o
 .debug_macro   0x0000000000015e8a     0x34c5 ./Core/Src/WS2812B.o
 .debug_macro   0x000000000001934f       0x56 ./Core/Src/WS2812B.o
 .debug_macro   0x00000000000193a5      0x3f5 ./Core/Src/WS2812B.o
 .debug_macro   0x000000000001979a      0x286 ./Core/Src/WS2812B.o
 .debug_macro   0x0000000000019a20      0x30d ./Core/Src/WS2812B.o
 .debug_macro   0x0000000000019d2d      0x17e ./Core/Src/WS2812B.o
 .debug_macro   0x0000000000019eab       0x43 ./Core/Src/WS2812B.o
 .debug_macro   0x0000000000019eee      0x236 ./Core/Src/WS2812B.o
 .debug_macro   0x000000000001a124      0x24a ./Core/Src/WS2812B.o
 .debug_macro   0x000000000001a36e      0x57b ./Core/Src/WS2812B.o
 .debug_macro   0x000000000001a8e9       0x2e ./Core/Src/WS2812B.o
 .debug_macro   0x000000000001a917      0x100 ./Core/Src/WS2812B.o
 .debug_macro   0x000000000001aa17      0x1ba ./Core/Src/WS2812B.o
 .debug_macro   0x000000000001abd1      0x1cd ./Core/Src/WS2812B.o
 .debug_macro   0x000000000001ad9e      0x381 ./Core/Src/WS2812B.o
 .debug_macro   0x000000000001b11f      0x13d ./Core/Src/WS2812B.o
 .debug_macro   0x000000000001b25c      0x141 ./Core/Src/WS2812B.o
 .debug_macro   0x000000000001b39d      0x4ff ./Core/Src/WS2812B.o
 .debug_macro   0x000000000001b89c      0x874 ./Core/Src/WS2812B.o
 .debug_macro   0x000000000001c110      0x259 ./Core/Src/WS2812B.o
 .debug_macro   0x000000000001c369     0x1bb1 ./Core/Src/WS2812B.o
 .debug_macro   0x000000000001df1a       0xe4 ./Core/Src/WS2812B.o
 .debug_macro   0x000000000001dffe      0x5e7 ./Core/Src/WS2812B.o
 .debug_macro   0x000000000001e5e5      0xac2 ./Core/Src/WS2812B.o
 .debug_macro   0x000000000001f0a7      0x110 ./Core/Src/WS2812B.o
 .debug_macro   0x000000000001f1b7      0x557 ./Core/Src/WS2812B.o
 .debug_macro   0x000000000001f70e      0x433 ./Core/Src/WS2812B.o
 .debug_macro   0x000000000001fb41       0x70 ./Core/Src/WS2812B.o
 .debug_macro   0x000000000001fbb1       0x16 ./Core/Src/WS2812B.o
 .debug_macro   0x000000000001fbc7       0x20 ./Core/Src/WS2812B.o
 .debug_macro   0x000000000001fbe7       0x28 ./Core/Src/WS2812B.o
 .debug_macro   0x000000000001fc0f      0x227 ./Core/Src/dma.o
 .debug_macro   0x000000000001fe36      0x174 ./Core/Src/dma.o
 .debug_macro   0x000000000001ffaa       0x5c ./Core/Src/dma.o
 .debug_macro   0x0000000000020006      0x227 ./Core/Src/gpio.o
 .debug_macro   0x000000000002022d      0x415 ./Core/Src/main.o
 .debug_macro   0x0000000000020642      0x21d ./Core/Src/stm32wbxx_hal_msp.o
 .debug_macro   0x000000000002085f      0x227 ./Core/Src/stm32wbxx_it.o
 .debug_macro   0x0000000000020a86      0x20e ./Core/Src/system_stm32wbxx.o
 .debug_macro   0x0000000000020c94      0x227 ./Core/Src/tim.o
 .debug_macro   0x0000000000020ebb      0x232 ./Drivers/STM32WBxx_HAL_Driver/Src/stm32wbxx_hal.o
 .debug_macro   0x00000000000210ed      0x20e ./Drivers/STM32WBxx_HAL_Driver/Src/stm32wbxx_hal_cortex.o
 .debug_macro   0x00000000000212fb      0x20e ./Drivers/STM32WBxx_HAL_Driver/Src/stm32wbxx_hal_dma.o
 .debug_macro   0x0000000000021509      0x215 ./Drivers/STM32WBxx_HAL_Driver/Src/stm32wbxx_hal_gpio.o
 .debug_macro   0x000000000002171e      0x280 ./Drivers/STM32WBxx_HAL_Driver/Src/stm32wbxx_hal_pwr.o
 .debug_macro   0x000000000002199e      0x220 ./Drivers/STM32WBxx_HAL_Driver/Src/stm32wbxx_hal_pwr_ex.o
 .debug_macro   0x0000000000021bbe      0x280 ./Drivers/STM32WBxx_HAL_Driver/Src/stm32wbxx_hal_rcc.o
 .debug_macro   0x0000000000021e3e      0x263 ./Drivers/STM32WBxx_HAL_Driver/Src/stm32wbxx_hal_rcc_ex.o
 .debug_macro   0x00000000000220a1      0x216 ./Drivers/STM32WBxx_HAL_Driver/Src/stm32wbxx_hal_tim.o
 .debug_macro   0x00000000000222b7      0x21a ./Drivers/STM32WBxx_HAL_Driver/Src/stm32wbxx_hal_tim_ex.o

.debug_line     0x0000000000000000    0x1235c
 .debug_line    0x0000000000000000      0xdb0 ./Core/Src/WS2812B.o
 .debug_line    0x0000000000000db0      0x751 ./Core/Src/dma.o
 .debug_line    0x0000000000001501      0x778 ./Core/Src/gpio.o
 .debug_line    0x0000000000001c79      0xa33 ./Core/Src/main.o
 .debug_line    0x00000000000026ac      0x72d ./Core/Src/stm32wbxx_hal_msp.o
 .debug_line    0x0000000000002dd9      0x824 ./Core/Src/stm32wbxx_it.o
 .debug_line    0x00000000000035fd      0x7d2 ./Core/Src/system_stm32wbxx.o
 .debug_line    0x0000000000003dcf      0x8b1 ./Core/Src/tim.o
 .debug_line    0x0000000000004680       0x91 ./Core/Startup/startup_stm32wb55rgvx.o
 .debug_line    0x0000000000004711      0xfb7 ./Drivers/STM32WBxx_HAL_Driver/Src/stm32wbxx_hal.o
 .debug_line    0x00000000000056c8      0xc81 ./Drivers/STM32WBxx_HAL_Driver/Src/stm32wbxx_hal_cortex.o
 .debug_line    0x0000000000006349      0xe91 ./Drivers/STM32WBxx_HAL_Driver/Src/stm32wbxx_hal_dma.o
 .debug_line    0x00000000000071da      0xb62 ./Drivers/STM32WBxx_HAL_Driver/Src/stm32wbxx_hal_gpio.o
 .debug_line    0x0000000000007d3c      0x9d2 ./Drivers/STM32WBxx_HAL_Driver/Src/stm32wbxx_hal_pwr.o
 .debug_line    0x000000000000870e     0x1102 ./Drivers/STM32WBxx_HAL_Driver/Src/stm32wbxx_hal_pwr_ex.o
 .debug_line    0x0000000000009810     0x17d2 ./Drivers/STM32WBxx_HAL_Driver/Src/stm32wbxx_hal_rcc.o
 .debug_line    0x000000000000afe2     0x1c59 ./Drivers/STM32WBxx_HAL_Driver/Src/stm32wbxx_hal_rcc_ex.o
 .debug_line    0x000000000000cc3b     0x3b0a ./Drivers/STM32WBxx_HAL_Driver/Src/stm32wbxx_hal_tim.o
 .debug_line    0x0000000000010745     0x1c17 ./Drivers/STM32WBxx_HAL_Driver/Src/stm32wbxx_hal_tim_ex.o

.debug_str      0x0000000000000000    0xdab27
 .debug_str     0x0000000000000000    0xd4eec ./Core/Src/WS2812B.o
                                      0xd59d6 (size before relaxing)
 .debug_str     0x00000000000d4eec      0x634 ./Core/Src/dma.o
                                      0xd1959 (size before relaxing)
 .debug_str     0x00000000000d5520       0xf7 ./Core/Src/gpio.o
                                      0xd15e3 (size before relaxing)
 .debug_str     0x00000000000d5617      0x419 ./Core/Src/main.o
                                      0xd56b0 (size before relaxing)
 .debug_str     0x00000000000d5a30       0x2c ./Core/Src/stm32wbxx_hal_msp.o
                                      0xd12be (size before relaxing)
 .debug_str     0x00000000000d5a5c      0x13f ./Core/Src/stm32wbxx_it.o
                                      0xd1a25 (size before relaxing)
 .debug_str     0x00000000000d5b9b      0x105 ./Core/Src/system_stm32wbxx.o
                                      0xd1470 (size before relaxing)
 .debug_str     0x00000000000d5ca0      0x341 ./Core/Src/tim.o
                                      0xd1f52 (size before relaxing)
 .debug_str     0x00000000000d5fe1       0x36 ./Core/Startup/startup_stm32wb55rgvx.o
                                         0x90 (size before relaxing)
 .debug_str     0x00000000000d6017      0xa24 ./Drivers/STM32WBxx_HAL_Driver/Src/stm32wbxx_hal.o
                                      0xd2356 (size before relaxing)
 .debug_str     0x00000000000d6a3b      0x323 ./Drivers/STM32WBxx_HAL_Driver/Src/stm32wbxx_hal_cortex.o
                                      0xd1ad6 (size before relaxing)
 .debug_str     0x00000000000d6d5e      0x282 ./Drivers/STM32WBxx_HAL_Driver/Src/stm32wbxx_hal_dma.o
                                      0xd1738 (size before relaxing)
 .debug_str     0x00000000000d6fe0      0x15c ./Drivers/STM32WBxx_HAL_Driver/Src/stm32wbxx_hal_gpio.o
                                      0xd144a (size before relaxing)
 .debug_str     0x00000000000d713c      0x5d0 ./Drivers/STM32WBxx_HAL_Driver/Src/stm32wbxx_hal_pwr.o
                                      0xd18e0 (size before relaxing)
 .debug_str     0x00000000000d770c      0x826 ./Drivers/STM32WBxx_HAL_Driver/Src/stm32wbxx_hal_pwr_ex.o
                                      0xd1de1 (size before relaxing)
 .debug_str     0x00000000000d7f32      0xb3f ./Drivers/STM32WBxx_HAL_Driver/Src/stm32wbxx_hal_rcc.o
                                      0xd22ce (size before relaxing)
 .debug_str     0x00000000000d8a71      0xc9d ./Drivers/STM32WBxx_HAL_Driver/Src/stm32wbxx_hal_rcc_ex.o
                                      0xd26f7 (size before relaxing)
 .debug_str     0x00000000000d970e      0xdc1 ./Drivers/STM32WBxx_HAL_Driver/Src/stm32wbxx_hal_tim.o
                                      0xd27dc (size before relaxing)
 .debug_str     0x00000000000da4cf      0x658 ./Drivers/STM32WBxx_HAL_Driver/Src/stm32wbxx_hal_tim_ex.o
                                      0xd225e (size before relaxing)

.comment        0x0000000000000000       0x50
 .comment       0x0000000000000000       0x50 ./Core/Src/WS2812B.o
                                         0x51 (size before relaxing)
 .comment       0x0000000000000050       0x51 ./Core/Src/dma.o
 .comment       0x0000000000000050       0x51 ./Core/Src/gpio.o
 .comment       0x0000000000000050       0x51 ./Core/Src/main.o
 .comment       0x0000000000000050       0x51 ./Core/Src/stm32wbxx_hal_msp.o
 .comment       0x0000000000000050       0x51 ./Core/Src/stm32wbxx_it.o
 .comment       0x0000000000000050       0x51 ./Core/Src/system_stm32wbxx.o
 .comment       0x0000000000000050       0x51 ./Core/Src/tim.o
 .comment       0x0000000000000050       0x51 ./Drivers/STM32WBxx_HAL_Driver/Src/stm32wbxx_hal.o
 .comment       0x0000000000000050       0x51 ./Drivers/STM32WBxx_HAL_Driver/Src/stm32wbxx_hal_cortex.o
 .comment       0x0000000000000050       0x51 ./Drivers/STM32WBxx_HAL_Driver/Src/stm32wbxx_hal_dma.o
 .comment       0x0000000000000050       0x51 ./Drivers/STM32WBxx_HAL_Driver/Src/stm32wbxx_hal_gpio.o
 .comment       0x0000000000000050       0x51 ./Drivers/STM32WBxx_HAL_Driver/Src/stm32wbxx_hal_pwr.o
 .comment       0x0000000000000050       0x51 ./Drivers/STM32WBxx_HAL_Driver/Src/stm32wbxx_hal_pwr_ex.o
 .comment       0x0000000000000050       0x51 ./Drivers/STM32WBxx_HAL_Driver/Src/stm32wbxx_hal_rcc.o
 .comment       0x0000000000000050       0x51 ./Drivers/STM32WBxx_HAL_Driver/Src/stm32wbxx_hal_rcc_ex.o
 .comment       0x0000000000000050       0x51 ./Drivers/STM32WBxx_HAL_Driver/Src/stm32wbxx_hal_tim.o
 .comment       0x0000000000000050       0x51 ./Drivers/STM32WBxx_HAL_Driver/Src/stm32wbxx_hal_tim_ex.o

.debug_frame    0x0000000000000000     0x591c
 .debug_frame   0x0000000000000000      0x1a8 ./Core/Src/WS2812B.o
 .debug_frame   0x00000000000001a8       0x54 ./Core/Src/dma.o
 .debug_frame   0x00000000000001fc       0x5c ./Core/Src/gpio.o
 .debug_frame   0x0000000000000258       0x8c ./Core/Src/main.o
 .debug_frame   0x00000000000002e4       0x30 ./Core/Src/stm32wbxx_hal_msp.o
 .debug_frame   0x0000000000000314      0x144 ./Core/Src/stm32wbxx_it.o
 .debug_frame   0x0000000000000458       0x58 ./Core/Src/system_stm32wbxx.o
 .debug_frame   0x00000000000004b0      0x118 ./Core/Src/tim.o
 .debug_frame   0x00000000000005c8      0xa34 ./Drivers/STM32WBxx_HAL_Driver/Src/stm32wbxx_hal.o
 .debug_frame   0x0000000000000ffc      0x44c ./Drivers/STM32WBxx_HAL_Driver/Src/stm32wbxx_hal_cortex.o
 .debug_frame   0x0000000000001448      0x24c ./Drivers/STM32WBxx_HAL_Driver/Src/stm32wbxx_hal_dma.o
 .debug_frame   0x0000000000001694      0x174 ./Drivers/STM32WBxx_HAL_Driver/Src/stm32wbxx_hal_gpio.o
 .debug_frame   0x0000000000001808      0x344 ./Drivers/STM32WBxx_HAL_Driver/Src/stm32wbxx_hal_pwr.o
 .debug_frame   0x0000000000001b4c      0xb00 ./Drivers/STM32WBxx_HAL_Driver/Src/stm32wbxx_hal_pwr_ex.o
 .debug_frame   0x000000000000264c      0xa0c ./Drivers/STM32WBxx_HAL_Driver/Src/stm32wbxx_hal_rcc.o
 .debug_frame   0x0000000000003058      0xf38 ./Drivers/STM32WBxx_HAL_Driver/Src/stm32wbxx_hal_rcc_ex.o
 .debug_frame   0x0000000000003f90     0x121c ./Drivers/STM32WBxx_HAL_Driver/Src/stm32wbxx_hal_tim.o
 .debug_frame   0x00000000000051ac      0x6fc ./Drivers/STM32WBxx_HAL_Driver/Src/stm32wbxx_hal_tim_ex.o
 .debug_frame   0x00000000000058a8       0x2c d:/stm32cubeide_1.3.0/stm32cubeide/plugins/com.st.stm32cube.ide.mcu.externaltools.gnu-tools-for-stm32.10.3-2021.10.win32_1.0.100.202210260954/tools/bin/../lib/gcc/arm-none-eabi/10.3.1/../../../../arm-none-eabi/lib/thumb/v7e-m+fp/hard\libc_nano.a(lib_a-init.o)
 .debug_frame   0x00000000000058d4       0x28 d:/stm32cubeide_1.3.0/stm32cubeide/plugins/com.st.stm32cube.ide.mcu.externaltools.gnu-tools-for-stm32.10.3-2021.10.win32_1.0.100.202210260954/tools/bin/../lib/gcc/arm-none-eabi/10.3.1/../../../../arm-none-eabi/lib/thumb/v7e-m+fp/hard\libc_nano.a(lib_a-memcpy-stub.o)
 .debug_frame   0x00000000000058fc       0x20 d:/stm32cubeide_1.3.0/stm32cubeide/plugins/com.st.stm32cube.ide.mcu.externaltools.gnu-tools-for-stm32.10.3-2021.10.win32_1.0.100.202210260954/tools/bin/../lib/gcc/arm-none-eabi/10.3.1/../../../../arm-none-eabi/lib/thumb/v7e-m+fp/hard\libc_nano.a(lib_a-memset.o)
