../Core/Src/WS2812B.c:13:6:WS2812B_clear	16	static
../Core/Src/WS2812B.c:21:6:WS2812B_pixel_rgb_to_BUFF_DMA	24	static
../Core/Src/WS2812B.c:43:6:WS2812B_prepareValue	16	static
../Core/Src/WS2812B.c:56:6:run_static_leds	8	static
../Core/Src/WS2812B.c:60:6:set_static_numLeds	24	static
../Core/Src/WS2812B.c:67:6:set_colour_in_tape	72	static
../Core/Src/WS2812B.c:81:6:WS2812B_setValue	24	static
../Core/Src/WS2812B.c:93:6:WS2812B_light	8	static
../Core/Src/WS2812B.c:97:6:ledsEffect_1	64	static
../Core/Src/WS2812B.c:119:6:ledsEffect_2	72	static
../Core/Src/WS2812B.c:144:6:ledsEffect_3	16	static
